[2026-03-16T07:47:01.103+0000] {processor.py:186} INFO - Started process (PID=176) to work on /opt/airflow/dags/news_pipeline_dag.py
[2026-03-16T07:47:01.105+0000] {processor.py:914} INFO - Processing file /opt/airflow/dags/news_pipeline_dag.py for tasks to queue
[2026-03-16T07:47:01.107+0000] {logging_mixin.py:190} INFO - [2026-03-16T07:47:01.107+0000] {dagbag.py:588} INFO - Filling up the DagBag from /opt/airflow/dags/news_pipeline_dag.py
[2026-03-16T07:47:01.138+0000] {processor.py:925} INFO - DAG(s) 'news_pipeline' retrieved from /opt/airflow/dags/news_pipeline_dag.py
[2026-03-16T07:47:01.226+0000] {logging_mixin.py:190} INFO - [2026-03-16T07:47:01.225+0000] {dag.py:3239} INFO - Sync 1 DAGs
[2026-03-16T07:47:01.257+0000] {logging_mixin.py:190} INFO - [2026-03-16T07:47:01.257+0000] {dag.py:4180} INFO - Setting next_dagrun for news_pipeline to 2026-03-16 07:30:00+00:00, run_after=2026-03-16 08:00:00+00:00
[2026-03-16T07:47:01.281+0000] {processor.py:208} INFO - Processing /opt/airflow/dags/news_pipeline_dag.py took 0.186 seconds
[2026-03-16T07:47:31.361+0000] {processor.py:186} INFO - Started process (PID=188) to work on /opt/airflow/dags/news_pipeline_dag.py
[2026-03-16T07:47:31.362+0000] {processor.py:914} INFO - Processing file /opt/airflow/dags/news_pipeline_dag.py for tasks to queue
[2026-03-16T07:47:31.365+0000] {logging_mixin.py:190} INFO - [2026-03-16T07:47:31.364+0000] {dagbag.py:588} INFO - Filling up the DagBag from /opt/airflow/dags/news_pipeline_dag.py
[2026-03-16T07:47:31.387+0000] {processor.py:925} INFO - DAG(s) 'news_pipeline' retrieved from /opt/airflow/dags/news_pipeline_dag.py
[2026-03-16T07:47:31.417+0000] {logging_mixin.py:190} INFO - [2026-03-16T07:47:31.417+0000] {dag.py:3239} INFO - Sync 1 DAGs
[2026-03-16T07:47:31.445+0000] {logging_mixin.py:190} INFO - [2026-03-16T07:47:31.445+0000] {dag.py:4180} INFO - Setting next_dagrun for news_pipeline to 2026-03-16 07:30:00+00:00, run_after=2026-03-16 08:00:00+00:00
[2026-03-16T07:47:31.467+0000] {processor.py:208} INFO - Processing /opt/airflow/dags/news_pipeline_dag.py took 0.111 seconds
[2026-03-16T07:48:01.666+0000] {processor.py:186} INFO - Started process (PID=193) to work on /opt/airflow/dags/news_pipeline_dag.py
[2026-03-16T07:48:01.668+0000] {processor.py:914} INFO - Processing file /opt/airflow/dags/news_pipeline_dag.py for tasks to queue
[2026-03-16T07:48:01.671+0000] {logging_mixin.py:190} INFO - [2026-03-16T07:48:01.671+0000] {dagbag.py:588} INFO - Filling up the DagBag from /opt/airflow/dags/news_pipeline_dag.py
[2026-03-16T07:48:01.702+0000] {processor.py:925} INFO - DAG(s) 'news_pipeline' retrieved from /opt/airflow/dags/news_pipeline_dag.py
[2026-03-16T07:48:01.727+0000] {logging_mixin.py:190} INFO - [2026-03-16T07:48:01.727+0000] {dag.py:3239} INFO - Sync 1 DAGs
[2026-03-16T07:48:01.747+0000] {logging_mixin.py:190} INFO - [2026-03-16T07:48:01.746+0000] {dag.py:4180} INFO - Setting next_dagrun for news_pipeline to 2026-03-16 07:30:00+00:00, run_after=2026-03-16 08:00:00+00:00
[2026-03-16T07:48:01.763+0000] {processor.py:208} INFO - Processing /opt/airflow/dags/news_pipeline_dag.py took 0.106 seconds
[2026-03-16T07:48:31.920+0000] {processor.py:186} INFO - Started process (PID=198) to work on /opt/airflow/dags/news_pipeline_dag.py
[2026-03-16T07:48:31.921+0000] {processor.py:914} INFO - Processing file /opt/airflow/dags/news_pipeline_dag.py for tasks to queue
[2026-03-16T07:48:31.924+0000] {logging_mixin.py:190} INFO - [2026-03-16T07:48:31.924+0000] {dagbag.py:588} INFO - Filling up the DagBag from /opt/airflow/dags/news_pipeline_dag.py
[2026-03-16T07:48:31.950+0000] {processor.py:925} INFO - DAG(s) 'news_pipeline' retrieved from /opt/airflow/dags/news_pipeline_dag.py
[2026-03-16T07:48:31.983+0000] {logging_mixin.py:190} INFO - [2026-03-16T07:48:31.983+0000] {dag.py:3239} INFO - Sync 1 DAGs
[2026-03-16T07:48:32.008+0000] {logging_mixin.py:190} INFO - [2026-03-16T07:48:32.008+0000] {dag.py:4180} INFO - Setting next_dagrun for news_pipeline to 2026-03-16 07:30:00+00:00, run_after=2026-03-16 08:00:00+00:00
[2026-03-16T07:48:32.026+0000] {processor.py:208} INFO - Processing /opt/airflow/dags/news_pipeline_dag.py took 0.113 seconds
[2026-03-16T07:49:02.305+0000] {processor.py:186} INFO - Started process (PID=203) to work on /opt/airflow/dags/news_pipeline_dag.py
[2026-03-16T07:49:02.306+0000] {processor.py:914} INFO - Processing file /opt/airflow/dags/news_pipeline_dag.py for tasks to queue
[2026-03-16T07:49:02.308+0000] {logging_mixin.py:190} INFO - [2026-03-16T07:49:02.308+0000] {dagbag.py:588} INFO - Filling up the DagBag from /opt/airflow/dags/news_pipeline_dag.py
[2026-03-16T07:49:02.326+0000] {processor.py:925} INFO - DAG(s) 'news_pipeline' retrieved from /opt/airflow/dags/news_pipeline_dag.py
[2026-03-16T07:49:02.349+0000] {logging_mixin.py:190} INFO - [2026-03-16T07:49:02.349+0000] {dag.py:3239} INFO - Sync 1 DAGs
[2026-03-16T07:49:02.370+0000] {logging_mixin.py:190} INFO - [2026-03-16T07:49:02.370+0000] {dag.py:4180} INFO - Setting next_dagrun for news_pipeline to 2026-03-16 07:30:00+00:00, run_after=2026-03-16 08:00:00+00:00
[2026-03-16T07:49:02.388+0000] {processor.py:208} INFO - Processing /opt/airflow/dags/news_pipeline_dag.py took 0.088 seconds
[2026-03-16T07:49:32.563+0000] {processor.py:186} INFO - Started process (PID=208) to work on /opt/airflow/dags/news_pipeline_dag.py
[2026-03-16T07:49:32.564+0000] {processor.py:914} INFO - Processing file /opt/airflow/dags/news_pipeline_dag.py for tasks to queue
[2026-03-16T07:49:32.566+0000] {logging_mixin.py:190} INFO - [2026-03-16T07:49:32.566+0000] {dagbag.py:588} INFO - Filling up the DagBag from /opt/airflow/dags/news_pipeline_dag.py
[2026-03-16T07:49:32.600+0000] {processor.py:925} INFO - DAG(s) 'news_pipeline' retrieved from /opt/airflow/dags/news_pipeline_dag.py
[2026-03-16T07:49:32.649+0000] {logging_mixin.py:190} INFO - [2026-03-16T07:49:32.649+0000] {dag.py:3239} INFO - Sync 1 DAGs
[2026-03-16T07:49:32.676+0000] {logging_mixin.py:190} INFO - [2026-03-16T07:49:32.676+0000] {dag.py:4180} INFO - Setting next_dagrun for news_pipeline to 2026-03-16 07:30:00+00:00, run_after=2026-03-16 08:00:00+00:00
[2026-03-16T07:49:32.698+0000] {processor.py:208} INFO - Processing /opt/airflow/dags/news_pipeline_dag.py took 0.140 seconds
[2026-03-16T07:50:02.929+0000] {processor.py:186} INFO - Started process (PID=213) to work on /opt/airflow/dags/news_pipeline_dag.py
[2026-03-16T07:50:02.930+0000] {processor.py:914} INFO - Processing file /opt/airflow/dags/news_pipeline_dag.py for tasks to queue
[2026-03-16T07:50:02.932+0000] {logging_mixin.py:190} INFO - [2026-03-16T07:50:02.932+0000] {dagbag.py:588} INFO - Filling up the DagBag from /opt/airflow/dags/news_pipeline_dag.py
[2026-03-16T07:50:02.951+0000] {processor.py:925} INFO - DAG(s) 'news_pipeline' retrieved from /opt/airflow/dags/news_pipeline_dag.py
[2026-03-16T07:50:02.977+0000] {logging_mixin.py:190} INFO - [2026-03-16T07:50:02.977+0000] {dag.py:3239} INFO - Sync 1 DAGs
[2026-03-16T07:50:02.998+0000] {logging_mixin.py:190} INFO - [2026-03-16T07:50:02.998+0000] {dag.py:4180} INFO - Setting next_dagrun for news_pipeline to 2026-03-16 07:30:00+00:00, run_after=2026-03-16 08:00:00+00:00
[2026-03-16T07:50:03.017+0000] {processor.py:208} INFO - Processing /opt/airflow/dags/news_pipeline_dag.py took 0.094 seconds
