[2026-03-15T00:42:58.383+0000] {processor.py:186} INFO - Started process (PID=176) to work on /opt/airflow/dags/news_pipeline_dag.py
[2026-03-15T00:42:58.384+0000] {processor.py:914} INFO - Processing file /opt/airflow/dags/news_pipeline_dag.py for tasks to queue
[2026-03-15T00:42:58.386+0000] {logging_mixin.py:190} INFO - [2026-03-15T00:42:58.386+0000] {dagbag.py:588} INFO - Filling up the DagBag from /opt/airflow/dags/news_pipeline_dag.py
[2026-03-15T00:42:58.413+0000] {processor.py:925} INFO - DAG(s) 'news_pipeline' retrieved from /opt/airflow/dags/news_pipeline_dag.py
[2026-03-15T00:42:58.446+0000] {logging_mixin.py:190} INFO - [2026-03-15T00:42:58.446+0000] {dag.py:3239} INFO - Sync 1 DAGs
[2026-03-15T00:42:58.469+0000] {logging_mixin.py:190} INFO - [2026-03-15T00:42:58.468+0000] {dag.py:4180} INFO - Setting next_dagrun for news_pipeline to 2026-03-15 00:30:00+00:00, run_after=2026-03-15 01:00:00+00:00
[2026-03-15T00:42:58.486+0000] {processor.py:208} INFO - Processing /opt/airflow/dags/news_pipeline_dag.py took 0.111 seconds
[2026-03-15T00:43:28.543+0000] {processor.py:186} INFO - Started process (PID=208) to work on /opt/airflow/dags/news_pipeline_dag.py
[2026-03-15T00:43:28.544+0000] {processor.py:914} INFO - Processing file /opt/airflow/dags/news_pipeline_dag.py for tasks to queue
[2026-03-15T00:43:28.546+0000] {logging_mixin.py:190} INFO - [2026-03-15T00:43:28.546+0000] {dagbag.py:588} INFO - Filling up the DagBag from /opt/airflow/dags/news_pipeline_dag.py
[2026-03-15T00:43:28.566+0000] {processor.py:925} INFO - DAG(s) 'news_pipeline' retrieved from /opt/airflow/dags/news_pipeline_dag.py
[2026-03-15T00:43:28.591+0000] {logging_mixin.py:190} INFO - [2026-03-15T00:43:28.591+0000] {dag.py:3239} INFO - Sync 1 DAGs
[2026-03-15T00:43:28.612+0000] {logging_mixin.py:190} INFO - [2026-03-15T00:43:28.612+0000] {dag.py:4180} INFO - Setting next_dagrun for news_pipeline to 2026-03-15 00:30:00+00:00, run_after=2026-03-15 01:00:00+00:00
[2026-03-15T00:43:28.628+0000] {processor.py:208} INFO - Processing /opt/airflow/dags/news_pipeline_dag.py took 0.091 seconds
[2026-03-15T00:43:58.975+0000] {processor.py:186} INFO - Started process (PID=213) to work on /opt/airflow/dags/news_pipeline_dag.py
[2026-03-15T00:43:58.976+0000] {processor.py:914} INFO - Processing file /opt/airflow/dags/news_pipeline_dag.py for tasks to queue
[2026-03-15T00:43:58.978+0000] {logging_mixin.py:190} INFO - [2026-03-15T00:43:58.978+0000] {dagbag.py:588} INFO - Filling up the DagBag from /opt/airflow/dags/news_pipeline_dag.py
[2026-03-15T00:43:59.000+0000] {processor.py:925} INFO - DAG(s) 'news_pipeline' retrieved from /opt/airflow/dags/news_pipeline_dag.py
[2026-03-15T00:43:59.026+0000] {logging_mixin.py:190} INFO - [2026-03-15T00:43:59.026+0000] {dag.py:3239} INFO - Sync 1 DAGs
[2026-03-15T00:43:59.063+0000] {logging_mixin.py:190} INFO - [2026-03-15T00:43:59.063+0000] {dag.py:4180} INFO - Setting next_dagrun for news_pipeline to 2026-03-15 00:30:00+00:00, run_after=2026-03-15 01:00:00+00:00
[2026-03-15T00:43:59.085+0000] {processor.py:208} INFO - Processing /opt/airflow/dags/news_pipeline_dag.py took 0.117 seconds
[2026-03-15T00:44:29.705+0000] {processor.py:186} INFO - Started process (PID=218) to work on /opt/airflow/dags/news_pipeline_dag.py
[2026-03-15T00:44:29.706+0000] {processor.py:914} INFO - Processing file /opt/airflow/dags/news_pipeline_dag.py for tasks to queue
[2026-03-15T00:44:29.709+0000] {logging_mixin.py:190} INFO - [2026-03-15T00:44:29.708+0000] {dagbag.py:588} INFO - Filling up the DagBag from /opt/airflow/dags/news_pipeline_dag.py
[2026-03-15T00:44:29.735+0000] {processor.py:925} INFO - DAG(s) 'news_pipeline' retrieved from /opt/airflow/dags/news_pipeline_dag.py
[2026-03-15T00:44:29.773+0000] {logging_mixin.py:190} INFO - [2026-03-15T00:44:29.773+0000] {dag.py:3239} INFO - Sync 1 DAGs
[2026-03-15T00:44:29.801+0000] {logging_mixin.py:190} INFO - [2026-03-15T00:44:29.801+0000] {dag.py:4180} INFO - Setting next_dagrun for news_pipeline to 2026-03-15 00:30:00+00:00, run_after=2026-03-15 01:00:00+00:00
[2026-03-15T00:44:29.822+0000] {processor.py:208} INFO - Processing /opt/airflow/dags/news_pipeline_dag.py took 0.123 seconds
[2026-03-15T00:45:00.435+0000] {processor.py:186} INFO - Started process (PID=223) to work on /opt/airflow/dags/news_pipeline_dag.py
[2026-03-15T00:45:00.436+0000] {processor.py:914} INFO - Processing file /opt/airflow/dags/news_pipeline_dag.py for tasks to queue
[2026-03-15T00:45:00.439+0000] {logging_mixin.py:190} INFO - [2026-03-15T00:45:00.439+0000] {dagbag.py:588} INFO - Filling up the DagBag from /opt/airflow/dags/news_pipeline_dag.py
[2026-03-15T00:45:00.467+0000] {processor.py:925} INFO - DAG(s) 'news_pipeline' retrieved from /opt/airflow/dags/news_pipeline_dag.py
[2026-03-15T00:45:00.493+0000] {logging_mixin.py:190} INFO - [2026-03-15T00:45:00.493+0000] {dag.py:3239} INFO - Sync 1 DAGs
[2026-03-15T00:45:00.514+0000] {logging_mixin.py:190} INFO - [2026-03-15T00:45:00.514+0000] {dag.py:4180} INFO - Setting next_dagrun for news_pipeline to 2026-03-15 00:30:00+00:00, run_after=2026-03-15 01:00:00+00:00
[2026-03-15T00:45:00.535+0000] {processor.py:208} INFO - Processing /opt/airflow/dags/news_pipeline_dag.py took 0.107 seconds
[2026-03-15T00:45:31.145+0000] {processor.py:186} INFO - Started process (PID=228) to work on /opt/airflow/dags/news_pipeline_dag.py
[2026-03-15T00:45:31.146+0000] {processor.py:914} INFO - Processing file /opt/airflow/dags/news_pipeline_dag.py for tasks to queue
[2026-03-15T00:45:31.149+0000] {logging_mixin.py:190} INFO - [2026-03-15T00:45:31.148+0000] {dagbag.py:588} INFO - Filling up the DagBag from /opt/airflow/dags/news_pipeline_dag.py
[2026-03-15T00:45:31.172+0000] {processor.py:925} INFO - DAG(s) 'news_pipeline' retrieved from /opt/airflow/dags/news_pipeline_dag.py
[2026-03-15T00:45:31.201+0000] {logging_mixin.py:190} INFO - [2026-03-15T00:45:31.200+0000] {dag.py:3239} INFO - Sync 1 DAGs
[2026-03-15T00:45:31.225+0000] {logging_mixin.py:190} INFO - [2026-03-15T00:45:31.225+0000] {dag.py:4180} INFO - Setting next_dagrun for news_pipeline to 2026-03-15 00:30:00+00:00, run_after=2026-03-15 01:00:00+00:00
[2026-03-15T00:45:31.244+0000] {processor.py:208} INFO - Processing /opt/airflow/dags/news_pipeline_dag.py took 0.106 seconds
[2026-03-15T00:46:01.747+0000] {processor.py:186} INFO - Started process (PID=233) to work on /opt/airflow/dags/news_pipeline_dag.py
[2026-03-15T00:46:01.748+0000] {processor.py:914} INFO - Processing file /opt/airflow/dags/news_pipeline_dag.py for tasks to queue
[2026-03-15T00:46:01.751+0000] {logging_mixin.py:190} INFO - [2026-03-15T00:46:01.751+0000] {dagbag.py:588} INFO - Filling up the DagBag from /opt/airflow/dags/news_pipeline_dag.py
[2026-03-15T00:46:01.769+0000] {processor.py:925} INFO - DAG(s) 'news_pipeline' retrieved from /opt/airflow/dags/news_pipeline_dag.py
[2026-03-15T00:46:01.800+0000] {logging_mixin.py:190} INFO - [2026-03-15T00:46:01.799+0000] {dag.py:3239} INFO - Sync 1 DAGs
[2026-03-15T00:46:01.820+0000] {logging_mixin.py:190} INFO - [2026-03-15T00:46:01.820+0000] {dag.py:4180} INFO - Setting next_dagrun for news_pipeline to 2026-03-15 00:30:00+00:00, run_after=2026-03-15 01:00:00+00:00
[2026-03-15T00:46:01.839+0000] {processor.py:208} INFO - Processing /opt/airflow/dags/news_pipeline_dag.py took 0.097 seconds
[2026-03-15T00:46:32.671+0000] {processor.py:186} INFO - Started process (PID=238) to work on /opt/airflow/dags/news_pipeline_dag.py
[2026-03-15T00:46:32.672+0000] {processor.py:914} INFO - Processing file /opt/airflow/dags/news_pipeline_dag.py for tasks to queue
[2026-03-15T00:46:32.676+0000] {logging_mixin.py:190} INFO - [2026-03-15T00:46:32.675+0000] {dagbag.py:588} INFO - Filling up the DagBag from /opt/airflow/dags/news_pipeline_dag.py
[2026-03-15T00:46:32.711+0000] {processor.py:925} INFO - DAG(s) 'news_pipeline' retrieved from /opt/airflow/dags/news_pipeline_dag.py
[2026-03-15T00:46:32.743+0000] {logging_mixin.py:190} INFO - [2026-03-15T00:46:32.742+0000] {dag.py:3239} INFO - Sync 1 DAGs
[2026-03-15T00:46:32.764+0000] {logging_mixin.py:190} INFO - [2026-03-15T00:46:32.764+0000] {dag.py:4180} INFO - Setting next_dagrun for news_pipeline to 2026-03-15 00:30:00+00:00, run_after=2026-03-15 01:00:00+00:00
[2026-03-15T00:46:32.783+0000] {processor.py:208} INFO - Processing /opt/airflow/dags/news_pipeline_dag.py took 0.121 seconds
[2026-03-15T00:47:03.283+0000] {processor.py:186} INFO - Started process (PID=243) to work on /opt/airflow/dags/news_pipeline_dag.py
[2026-03-15T00:47:03.283+0000] {processor.py:914} INFO - Processing file /opt/airflow/dags/news_pipeline_dag.py for tasks to queue
[2026-03-15T00:47:03.286+0000] {logging_mixin.py:190} INFO - [2026-03-15T00:47:03.286+0000] {dagbag.py:588} INFO - Filling up the DagBag from /opt/airflow/dags/news_pipeline_dag.py
[2026-03-15T00:47:03.303+0000] {processor.py:925} INFO - DAG(s) 'news_pipeline' retrieved from /opt/airflow/dags/news_pipeline_dag.py
[2026-03-15T00:47:03.328+0000] {logging_mixin.py:190} INFO - [2026-03-15T00:47:03.327+0000] {dag.py:3239} INFO - Sync 1 DAGs
[2026-03-15T00:47:03.348+0000] {logging_mixin.py:190} INFO - [2026-03-15T00:47:03.348+0000] {dag.py:4180} INFO - Setting next_dagrun for news_pipeline to 2026-03-15 00:30:00+00:00, run_after=2026-03-15 01:00:00+00:00
[2026-03-15T00:47:03.369+0000] {processor.py:208} INFO - Processing /opt/airflow/dags/news_pipeline_dag.py took 0.092 seconds
[2026-03-15T00:47:34.074+0000] {processor.py:186} INFO - Started process (PID=248) to work on /opt/airflow/dags/news_pipeline_dag.py
[2026-03-15T00:47:34.075+0000] {processor.py:914} INFO - Processing file /opt/airflow/dags/news_pipeline_dag.py for tasks to queue
[2026-03-15T00:47:34.077+0000] {logging_mixin.py:190} INFO - [2026-03-15T00:47:34.077+0000] {dagbag.py:588} INFO - Filling up the DagBag from /opt/airflow/dags/news_pipeline_dag.py
[2026-03-15T00:47:34.097+0000] {processor.py:925} INFO - DAG(s) 'news_pipeline' retrieved from /opt/airflow/dags/news_pipeline_dag.py
[2026-03-15T00:47:34.122+0000] {logging_mixin.py:190} INFO - [2026-03-15T00:47:34.122+0000] {dag.py:3239} INFO - Sync 1 DAGs
[2026-03-15T00:47:34.143+0000] {logging_mixin.py:190} INFO - [2026-03-15T00:47:34.143+0000] {dag.py:4180} INFO - Setting next_dagrun for news_pipeline to 2026-03-15 00:30:00+00:00, run_after=2026-03-15 01:00:00+00:00
[2026-03-15T00:47:34.162+0000] {processor.py:208} INFO - Processing /opt/airflow/dags/news_pipeline_dag.py took 0.093 seconds
[2026-03-15T00:48:04.913+0000] {processor.py:186} INFO - Started process (PID=253) to work on /opt/airflow/dags/news_pipeline_dag.py
[2026-03-15T00:48:04.914+0000] {processor.py:914} INFO - Processing file /opt/airflow/dags/news_pipeline_dag.py for tasks to queue
[2026-03-15T00:48:04.916+0000] {logging_mixin.py:190} INFO - [2026-03-15T00:48:04.916+0000] {dagbag.py:588} INFO - Filling up the DagBag from /opt/airflow/dags/news_pipeline_dag.py
[2026-03-15T00:48:04.943+0000] {processor.py:925} INFO - DAG(s) 'news_pipeline' retrieved from /opt/airflow/dags/news_pipeline_dag.py
[2026-03-15T00:48:04.968+0000] {logging_mixin.py:190} INFO - [2026-03-15T00:48:04.968+0000] {dag.py:3239} INFO - Sync 1 DAGs
[2026-03-15T00:48:04.987+0000] {logging_mixin.py:190} INFO - [2026-03-15T00:48:04.987+0000] {dag.py:4180} INFO - Setting next_dagrun for news_pipeline to 2026-03-15 00:30:00+00:00, run_after=2026-03-15 01:00:00+00:00
[2026-03-15T00:48:05.010+0000] {processor.py:208} INFO - Processing /opt/airflow/dags/news_pipeline_dag.py took 0.104 seconds
[2026-03-15T00:48:35.639+0000] {processor.py:186} INFO - Started process (PID=258) to work on /opt/airflow/dags/news_pipeline_dag.py
[2026-03-15T00:48:35.641+0000] {processor.py:914} INFO - Processing file /opt/airflow/dags/news_pipeline_dag.py for tasks to queue
[2026-03-15T00:48:35.644+0000] {logging_mixin.py:190} INFO - [2026-03-15T00:48:35.644+0000] {dagbag.py:588} INFO - Filling up the DagBag from /opt/airflow/dags/news_pipeline_dag.py
[2026-03-15T00:48:35.686+0000] {processor.py:925} INFO - DAG(s) 'news_pipeline' retrieved from /opt/airflow/dags/news_pipeline_dag.py
[2026-03-15T00:48:35.708+0000] {logging_mixin.py:190} INFO - [2026-03-15T00:48:35.708+0000] {dag.py:3239} INFO - Sync 1 DAGs
[2026-03-15T00:48:35.729+0000] {logging_mixin.py:190} INFO - [2026-03-15T00:48:35.729+0000] {dag.py:4180} INFO - Setting next_dagrun for news_pipeline to 2026-03-15 00:30:00+00:00, run_after=2026-03-15 01:00:00+00:00
[2026-03-15T00:48:35.756+0000] {processor.py:208} INFO - Processing /opt/airflow/dags/news_pipeline_dag.py took 0.123 seconds
[2026-03-15T00:49:06.362+0000] {processor.py:186} INFO - Started process (PID=263) to work on /opt/airflow/dags/news_pipeline_dag.py
[2026-03-15T00:49:06.364+0000] {processor.py:914} INFO - Processing file /opt/airflow/dags/news_pipeline_dag.py for tasks to queue
[2026-03-15T00:49:06.368+0000] {logging_mixin.py:190} INFO - [2026-03-15T00:49:06.368+0000] {dagbag.py:588} INFO - Filling up the DagBag from /opt/airflow/dags/news_pipeline_dag.py
[2026-03-15T00:49:06.394+0000] {processor.py:925} INFO - DAG(s) 'news_pipeline' retrieved from /opt/airflow/dags/news_pipeline_dag.py
[2026-03-15T00:49:06.417+0000] {logging_mixin.py:190} INFO - [2026-03-15T00:49:06.417+0000] {dag.py:3239} INFO - Sync 1 DAGs
[2026-03-15T00:49:06.435+0000] {logging_mixin.py:190} INFO - [2026-03-15T00:49:06.435+0000] {dag.py:4180} INFO - Setting next_dagrun for news_pipeline to 2026-03-15 00:30:00+00:00, run_after=2026-03-15 01:00:00+00:00
[2026-03-15T00:49:06.454+0000] {processor.py:208} INFO - Processing /opt/airflow/dags/news_pipeline_dag.py took 0.100 seconds
[2026-03-15T00:49:37.086+0000] {processor.py:186} INFO - Started process (PID=268) to work on /opt/airflow/dags/news_pipeline_dag.py
[2026-03-15T00:49:37.087+0000] {processor.py:914} INFO - Processing file /opt/airflow/dags/news_pipeline_dag.py for tasks to queue
[2026-03-15T00:49:37.089+0000] {logging_mixin.py:190} INFO - [2026-03-15T00:49:37.089+0000] {dagbag.py:588} INFO - Filling up the DagBag from /opt/airflow/dags/news_pipeline_dag.py
[2026-03-15T00:49:37.105+0000] {processor.py:925} INFO - DAG(s) 'news_pipeline' retrieved from /opt/airflow/dags/news_pipeline_dag.py
[2026-03-15T00:49:37.125+0000] {logging_mixin.py:190} INFO - [2026-03-15T00:49:37.125+0000] {dag.py:3239} INFO - Sync 1 DAGs
[2026-03-15T00:49:37.145+0000] {logging_mixin.py:190} INFO - [2026-03-15T00:49:37.144+0000] {dag.py:4180} INFO - Setting next_dagrun for news_pipeline to 2026-03-15 00:30:00+00:00, run_after=2026-03-15 01:00:00+00:00
[2026-03-15T00:49:37.165+0000] {processor.py:208} INFO - Processing /opt/airflow/dags/news_pipeline_dag.py took 0.084 seconds
[2026-03-15T00:50:07.763+0000] {processor.py:186} INFO - Started process (PID=273) to work on /opt/airflow/dags/news_pipeline_dag.py
[2026-03-15T00:50:07.764+0000] {processor.py:914} INFO - Processing file /opt/airflow/dags/news_pipeline_dag.py for tasks to queue
[2026-03-15T00:50:07.766+0000] {logging_mixin.py:190} INFO - [2026-03-15T00:50:07.766+0000] {dagbag.py:588} INFO - Filling up the DagBag from /opt/airflow/dags/news_pipeline_dag.py
[2026-03-15T00:50:07.782+0000] {processor.py:925} INFO - DAG(s) 'news_pipeline' retrieved from /opt/airflow/dags/news_pipeline_dag.py
[2026-03-15T00:50:07.803+0000] {logging_mixin.py:190} INFO - [2026-03-15T00:50:07.803+0000] {dag.py:3239} INFO - Sync 1 DAGs
[2026-03-15T00:50:07.822+0000] {logging_mixin.py:190} INFO - [2026-03-15T00:50:07.822+0000] {dag.py:4180} INFO - Setting next_dagrun for news_pipeline to 2026-03-15 00:30:00+00:00, run_after=2026-03-15 01:00:00+00:00
[2026-03-15T00:50:07.840+0000] {processor.py:208} INFO - Processing /opt/airflow/dags/news_pipeline_dag.py took 0.082 seconds
[2026-03-15T00:50:38.285+0000] {processor.py:186} INFO - Started process (PID=278) to work on /opt/airflow/dags/news_pipeline_dag.py
[2026-03-15T00:50:38.286+0000] {processor.py:914} INFO - Processing file /opt/airflow/dags/news_pipeline_dag.py for tasks to queue
[2026-03-15T00:50:38.288+0000] {logging_mixin.py:190} INFO - [2026-03-15T00:50:38.287+0000] {dagbag.py:588} INFO - Filling up the DagBag from /opt/airflow/dags/news_pipeline_dag.py
[2026-03-15T00:50:38.307+0000] {processor.py:925} INFO - DAG(s) 'news_pipeline' retrieved from /opt/airflow/dags/news_pipeline_dag.py
[2026-03-15T00:50:38.335+0000] {logging_mixin.py:190} INFO - [2026-03-15T00:50:38.334+0000] {dag.py:3239} INFO - Sync 1 DAGs
[2026-03-15T00:50:38.356+0000] {logging_mixin.py:190} INFO - [2026-03-15T00:50:38.356+0000] {dag.py:4180} INFO - Setting next_dagrun for news_pipeline to 2026-03-15 00:30:00+00:00, run_after=2026-03-15 01:00:00+00:00
[2026-03-15T00:50:38.374+0000] {processor.py:208} INFO - Processing /opt/airflow/dags/news_pipeline_dag.py took 0.094 seconds
[2026-03-15T00:51:08.927+0000] {processor.py:186} INFO - Started process (PID=283) to work on /opt/airflow/dags/news_pipeline_dag.py
[2026-03-15T00:51:08.928+0000] {processor.py:914} INFO - Processing file /opt/airflow/dags/news_pipeline_dag.py for tasks to queue
[2026-03-15T00:51:08.929+0000] {logging_mixin.py:190} INFO - [2026-03-15T00:51:08.929+0000] {dagbag.py:588} INFO - Filling up the DagBag from /opt/airflow/dags/news_pipeline_dag.py
[2026-03-15T00:51:08.946+0000] {processor.py:925} INFO - DAG(s) 'news_pipeline' retrieved from /opt/airflow/dags/news_pipeline_dag.py
[2026-03-15T00:51:08.969+0000] {logging_mixin.py:190} INFO - [2026-03-15T00:51:08.969+0000] {dag.py:3239} INFO - Sync 1 DAGs
[2026-03-15T00:51:08.988+0000] {logging_mixin.py:190} INFO - [2026-03-15T00:51:08.988+0000] {dag.py:4180} INFO - Setting next_dagrun for news_pipeline to 2026-03-15 00:30:00+00:00, run_after=2026-03-15 01:00:00+00:00
[2026-03-15T00:51:09.007+0000] {processor.py:208} INFO - Processing /opt/airflow/dags/news_pipeline_dag.py took 0.085 seconds
[2026-03-15T00:51:39.494+0000] {processor.py:186} INFO - Started process (PID=288) to work on /opt/airflow/dags/news_pipeline_dag.py
[2026-03-15T00:51:39.495+0000] {processor.py:914} INFO - Processing file /opt/airflow/dags/news_pipeline_dag.py for tasks to queue
[2026-03-15T00:51:39.497+0000] {logging_mixin.py:190} INFO - [2026-03-15T00:51:39.497+0000] {dagbag.py:588} INFO - Filling up the DagBag from /opt/airflow/dags/news_pipeline_dag.py
[2026-03-15T00:51:39.514+0000] {processor.py:925} INFO - DAG(s) 'news_pipeline' retrieved from /opt/airflow/dags/news_pipeline_dag.py
[2026-03-15T00:51:39.547+0000] {logging_mixin.py:190} INFO - [2026-03-15T00:51:39.546+0000] {dag.py:3239} INFO - Sync 1 DAGs
[2026-03-15T00:51:39.567+0000] {logging_mixin.py:190} INFO - [2026-03-15T00:51:39.567+0000] {dag.py:4180} INFO - Setting next_dagrun for news_pipeline to 2026-03-15 00:30:00+00:00, run_after=2026-03-15 01:00:00+00:00
[2026-03-15T00:51:39.586+0000] {processor.py:208} INFO - Processing /opt/airflow/dags/news_pipeline_dag.py took 0.098 seconds
[2026-03-15T00:52:09.798+0000] {processor.py:186} INFO - Started process (PID=293) to work on /opt/airflow/dags/news_pipeline_dag.py
[2026-03-15T00:52:09.799+0000] {processor.py:914} INFO - Processing file /opt/airflow/dags/news_pipeline_dag.py for tasks to queue
[2026-03-15T00:52:09.802+0000] {logging_mixin.py:190} INFO - [2026-03-15T00:52:09.801+0000] {dagbag.py:588} INFO - Filling up the DagBag from /opt/airflow/dags/news_pipeline_dag.py
[2026-03-15T00:52:09.827+0000] {processor.py:925} INFO - DAG(s) 'news_pipeline' retrieved from /opt/airflow/dags/news_pipeline_dag.py
[2026-03-15T00:52:09.856+0000] {logging_mixin.py:190} INFO - [2026-03-15T00:52:09.856+0000] {dag.py:3239} INFO - Sync 1 DAGs
[2026-03-15T00:52:09.878+0000] {logging_mixin.py:190} INFO - [2026-03-15T00:52:09.877+0000] {dag.py:4180} INFO - Setting next_dagrun for news_pipeline to 2026-03-15 00:30:00+00:00, run_after=2026-03-15 01:00:00+00:00
[2026-03-15T00:52:09.898+0000] {processor.py:208} INFO - Processing /opt/airflow/dags/news_pipeline_dag.py took 0.106 seconds
