[2026-03-24T03:38:56.986+0000] {processor.py:186} INFO - Started process (PID=174) to work on /opt/airflow/dags/news_pipeline_dag.py
[2026-03-24T03:38:56.987+0000] {processor.py:914} INFO - Processing file /opt/airflow/dags/news_pipeline_dag.py for tasks to queue
[2026-03-24T03:38:56.989+0000] {logging_mixin.py:190} INFO - [2026-03-24T03:38:56.989+0000] {dagbag.py:588} INFO - Filling up the DagBag from /opt/airflow/dags/news_pipeline_dag.py
[2026-03-24T03:38:57.018+0000] {processor.py:925} INFO - DAG(s) 'news_pipeline' retrieved from /opt/airflow/dags/news_pipeline_dag.py
[2026-03-24T03:38:57.082+0000] {logging_mixin.py:190} INFO - [2026-03-24T03:38:57.082+0000] {dag.py:3239} INFO - Sync 1 DAGs
[2026-03-24T03:38:57.125+0000] {logging_mixin.py:190} INFO - [2026-03-24T03:38:57.124+0000] {dag.py:4180} INFO - Setting next_dagrun for news_pipeline to 2026-03-24 03:30:00+00:00, run_after=2026-03-24 04:00:00+00:00
[2026-03-24T03:38:57.152+0000] {processor.py:208} INFO - Processing /opt/airflow/dags/news_pipeline_dag.py took 0.175 seconds
[2026-03-24T03:39:27.505+0000] {processor.py:186} INFO - Started process (PID=236) to work on /opt/airflow/dags/news_pipeline_dag.py
[2026-03-24T03:39:27.506+0000] {processor.py:914} INFO - Processing file /opt/airflow/dags/news_pipeline_dag.py for tasks to queue
[2026-03-24T03:39:27.509+0000] {logging_mixin.py:190} INFO - [2026-03-24T03:39:27.508+0000] {dagbag.py:588} INFO - Filling up the DagBag from /opt/airflow/dags/news_pipeline_dag.py
[2026-03-24T03:39:27.537+0000] {processor.py:925} INFO - DAG(s) 'news_pipeline' retrieved from /opt/airflow/dags/news_pipeline_dag.py
[2026-03-24T03:39:27.567+0000] {logging_mixin.py:190} INFO - [2026-03-24T03:39:27.567+0000] {dag.py:3239} INFO - Sync 1 DAGs
[2026-03-24T03:39:27.587+0000] {logging_mixin.py:190} INFO - [2026-03-24T03:39:27.586+0000] {dag.py:4180} INFO - Setting next_dagrun for news_pipeline to 2026-03-24 03:30:00+00:00, run_after=2026-03-24 04:00:00+00:00
[2026-03-24T03:39:27.603+0000] {processor.py:208} INFO - Processing /opt/airflow/dags/news_pipeline_dag.py took 0.107 seconds
[2026-03-24T03:39:57.776+0000] {processor.py:186} INFO - Started process (PID=241) to work on /opt/airflow/dags/news_pipeline_dag.py
[2026-03-24T03:39:57.777+0000] {processor.py:914} INFO - Processing file /opt/airflow/dags/news_pipeline_dag.py for tasks to queue
[2026-03-24T03:39:57.783+0000] {logging_mixin.py:190} INFO - [2026-03-24T03:39:57.782+0000] {dagbag.py:588} INFO - Filling up the DagBag from /opt/airflow/dags/news_pipeline_dag.py
[2026-03-24T03:39:57.805+0000] {processor.py:925} INFO - DAG(s) 'news_pipeline' retrieved from /opt/airflow/dags/news_pipeline_dag.py
[2026-03-24T03:39:57.828+0000] {logging_mixin.py:190} INFO - [2026-03-24T03:39:57.828+0000] {dag.py:3239} INFO - Sync 1 DAGs
[2026-03-24T03:39:57.847+0000] {logging_mixin.py:190} INFO - [2026-03-24T03:39:57.847+0000] {dag.py:4180} INFO - Setting next_dagrun for news_pipeline to 2026-03-24 03:30:00+00:00, run_after=2026-03-24 04:00:00+00:00
[2026-03-24T03:39:57.864+0000] {processor.py:208} INFO - Processing /opt/airflow/dags/news_pipeline_dag.py took 0.095 seconds
[2026-03-24T03:40:28.143+0000] {processor.py:186} INFO - Started process (PID=246) to work on /opt/airflow/dags/news_pipeline_dag.py
[2026-03-24T03:40:28.144+0000] {processor.py:914} INFO - Processing file /opt/airflow/dags/news_pipeline_dag.py for tasks to queue
[2026-03-24T03:40:28.146+0000] {logging_mixin.py:190} INFO - [2026-03-24T03:40:28.146+0000] {dagbag.py:588} INFO - Filling up the DagBag from /opt/airflow/dags/news_pipeline_dag.py
[2026-03-24T03:40:28.166+0000] {processor.py:925} INFO - DAG(s) 'news_pipeline' retrieved from /opt/airflow/dags/news_pipeline_dag.py
[2026-03-24T03:40:28.190+0000] {logging_mixin.py:190} INFO - [2026-03-24T03:40:28.190+0000] {dag.py:3239} INFO - Sync 1 DAGs
[2026-03-24T03:40:28.208+0000] {logging_mixin.py:190} INFO - [2026-03-24T03:40:28.208+0000] {dag.py:4180} INFO - Setting next_dagrun for news_pipeline to 2026-03-24 03:30:00+00:00, run_after=2026-03-24 04:00:00+00:00
[2026-03-24T03:40:28.225+0000] {processor.py:208} INFO - Processing /opt/airflow/dags/news_pipeline_dag.py took 0.088 seconds
[2026-03-24T03:40:58.569+0000] {processor.py:186} INFO - Started process (PID=251) to work on /opt/airflow/dags/news_pipeline_dag.py
[2026-03-24T03:40:58.570+0000] {processor.py:914} INFO - Processing file /opt/airflow/dags/news_pipeline_dag.py for tasks to queue
[2026-03-24T03:40:58.572+0000] {logging_mixin.py:190} INFO - [2026-03-24T03:40:58.572+0000] {dagbag.py:588} INFO - Filling up the DagBag from /opt/airflow/dags/news_pipeline_dag.py
[2026-03-24T03:40:58.588+0000] {processor.py:925} INFO - DAG(s) 'news_pipeline' retrieved from /opt/airflow/dags/news_pipeline_dag.py
[2026-03-24T03:40:58.611+0000] {logging_mixin.py:190} INFO - [2026-03-24T03:40:58.611+0000] {dag.py:3239} INFO - Sync 1 DAGs
[2026-03-24T03:40:58.629+0000] {logging_mixin.py:190} INFO - [2026-03-24T03:40:58.629+0000] {dag.py:4180} INFO - Setting next_dagrun for news_pipeline to 2026-03-24 03:30:00+00:00, run_after=2026-03-24 04:00:00+00:00
[2026-03-24T03:40:58.647+0000] {processor.py:208} INFO - Processing /opt/airflow/dags/news_pipeline_dag.py took 0.086 seconds
[2026-03-24T03:41:28.862+0000] {processor.py:186} INFO - Started process (PID=256) to work on /opt/airflow/dags/news_pipeline_dag.py
[2026-03-24T03:41:28.863+0000] {processor.py:914} INFO - Processing file /opt/airflow/dags/news_pipeline_dag.py for tasks to queue
[2026-03-24T03:41:28.865+0000] {logging_mixin.py:190} INFO - [2026-03-24T03:41:28.865+0000] {dagbag.py:588} INFO - Filling up the DagBag from /opt/airflow/dags/news_pipeline_dag.py
[2026-03-24T03:41:28.883+0000] {processor.py:925} INFO - DAG(s) 'news_pipeline' retrieved from /opt/airflow/dags/news_pipeline_dag.py
[2026-03-24T03:41:28.909+0000] {logging_mixin.py:190} INFO - [2026-03-24T03:41:28.909+0000] {dag.py:3239} INFO - Sync 1 DAGs
[2026-03-24T03:41:28.931+0000] {logging_mixin.py:190} INFO - [2026-03-24T03:41:28.931+0000] {dag.py:4180} INFO - Setting next_dagrun for news_pipeline to 2026-03-24 03:30:00+00:00, run_after=2026-03-24 04:00:00+00:00
[2026-03-24T03:41:28.950+0000] {processor.py:208} INFO - Processing /opt/airflow/dags/news_pipeline_dag.py took 0.094 seconds
[2026-03-24T03:41:59.161+0000] {processor.py:186} INFO - Started process (PID=261) to work on /opt/airflow/dags/news_pipeline_dag.py
[2026-03-24T03:41:59.162+0000] {processor.py:914} INFO - Processing file /opt/airflow/dags/news_pipeline_dag.py for tasks to queue
[2026-03-24T03:41:59.164+0000] {logging_mixin.py:190} INFO - [2026-03-24T03:41:59.164+0000] {dagbag.py:588} INFO - Filling up the DagBag from /opt/airflow/dags/news_pipeline_dag.py
[2026-03-24T03:41:59.181+0000] {processor.py:925} INFO - DAG(s) 'news_pipeline' retrieved from /opt/airflow/dags/news_pipeline_dag.py
[2026-03-24T03:41:59.207+0000] {logging_mixin.py:190} INFO - [2026-03-24T03:41:59.207+0000] {dag.py:3239} INFO - Sync 1 DAGs
[2026-03-24T03:41:59.227+0000] {logging_mixin.py:190} INFO - [2026-03-24T03:41:59.227+0000] {dag.py:4180} INFO - Setting next_dagrun for news_pipeline to 2026-03-24 03:30:00+00:00, run_after=2026-03-24 04:00:00+00:00
[2026-03-24T03:41:59.245+0000] {processor.py:208} INFO - Processing /opt/airflow/dags/news_pipeline_dag.py took 0.091 seconds
[2026-03-24T03:42:29.486+0000] {processor.py:186} INFO - Started process (PID=266) to work on /opt/airflow/dags/news_pipeline_dag.py
[2026-03-24T03:42:29.487+0000] {processor.py:914} INFO - Processing file /opt/airflow/dags/news_pipeline_dag.py for tasks to queue
[2026-03-24T03:42:29.488+0000] {logging_mixin.py:190} INFO - [2026-03-24T03:42:29.488+0000] {dagbag.py:588} INFO - Filling up the DagBag from /opt/airflow/dags/news_pipeline_dag.py
[2026-03-24T03:42:29.502+0000] {processor.py:925} INFO - DAG(s) 'news_pipeline' retrieved from /opt/airflow/dags/news_pipeline_dag.py
[2026-03-24T03:42:29.525+0000] {logging_mixin.py:190} INFO - [2026-03-24T03:42:29.525+0000] {dag.py:3239} INFO - Sync 1 DAGs
[2026-03-24T03:42:29.543+0000] {logging_mixin.py:190} INFO - [2026-03-24T03:42:29.542+0000] {dag.py:4180} INFO - Setting next_dagrun for news_pipeline to 2026-03-24 03:30:00+00:00, run_after=2026-03-24 04:00:00+00:00
[2026-03-24T03:42:29.562+0000] {processor.py:208} INFO - Processing /opt/airflow/dags/news_pipeline_dag.py took 0.082 seconds
[2026-03-24T03:43:00.426+0000] {processor.py:186} INFO - Started process (PID=271) to work on /opt/airflow/dags/news_pipeline_dag.py
[2026-03-24T03:43:00.427+0000] {processor.py:914} INFO - Processing file /opt/airflow/dags/news_pipeline_dag.py for tasks to queue
[2026-03-24T03:43:00.429+0000] {logging_mixin.py:190} INFO - [2026-03-24T03:43:00.429+0000] {dagbag.py:588} INFO - Filling up the DagBag from /opt/airflow/dags/news_pipeline_dag.py
[2026-03-24T03:43:00.448+0000] {processor.py:925} INFO - DAG(s) 'news_pipeline' retrieved from /opt/airflow/dags/news_pipeline_dag.py
[2026-03-24T03:43:00.471+0000] {logging_mixin.py:190} INFO - [2026-03-24T03:43:00.471+0000] {dag.py:3239} INFO - Sync 1 DAGs
[2026-03-24T03:43:00.489+0000] {logging_mixin.py:190} INFO - [2026-03-24T03:43:00.489+0000] {dag.py:4180} INFO - Setting next_dagrun for news_pipeline to 2026-03-24 03:30:00+00:00, run_after=2026-03-24 04:00:00+00:00
[2026-03-24T03:43:00.507+0000] {processor.py:208} INFO - Processing /opt/airflow/dags/news_pipeline_dag.py took 0.085 seconds
[2026-03-24T03:43:30.677+0000] {processor.py:186} INFO - Started process (PID=276) to work on /opt/airflow/dags/news_pipeline_dag.py
[2026-03-24T03:43:30.678+0000] {processor.py:914} INFO - Processing file /opt/airflow/dags/news_pipeline_dag.py for tasks to queue
[2026-03-24T03:43:30.680+0000] {logging_mixin.py:190} INFO - [2026-03-24T03:43:30.680+0000] {dagbag.py:588} INFO - Filling up the DagBag from /opt/airflow/dags/news_pipeline_dag.py
[2026-03-24T03:43:30.697+0000] {processor.py:925} INFO - DAG(s) 'news_pipeline' retrieved from /opt/airflow/dags/news_pipeline_dag.py
[2026-03-24T03:43:30.720+0000] {logging_mixin.py:190} INFO - [2026-03-24T03:43:30.719+0000] {dag.py:3239} INFO - Sync 1 DAGs
[2026-03-24T03:43:30.737+0000] {logging_mixin.py:190} INFO - [2026-03-24T03:43:30.737+0000] {dag.py:4180} INFO - Setting next_dagrun for news_pipeline to 2026-03-24 03:30:00+00:00, run_after=2026-03-24 04:00:00+00:00
[2026-03-24T03:43:30.755+0000] {processor.py:208} INFO - Processing /opt/airflow/dags/news_pipeline_dag.py took 0.086 seconds
[2026-03-24T03:44:01.106+0000] {processor.py:186} INFO - Started process (PID=281) to work on /opt/airflow/dags/news_pipeline_dag.py
[2026-03-24T03:44:01.107+0000] {processor.py:914} INFO - Processing file /opt/airflow/dags/news_pipeline_dag.py for tasks to queue
[2026-03-24T03:44:01.110+0000] {logging_mixin.py:190} INFO - [2026-03-24T03:44:01.109+0000] {dagbag.py:588} INFO - Filling up the DagBag from /opt/airflow/dags/news_pipeline_dag.py
[2026-03-24T03:44:01.124+0000] {processor.py:925} INFO - DAG(s) 'news_pipeline' retrieved from /opt/airflow/dags/news_pipeline_dag.py
[2026-03-24T03:44:01.147+0000] {logging_mixin.py:190} INFO - [2026-03-24T03:44:01.146+0000] {dag.py:3239} INFO - Sync 1 DAGs
[2026-03-24T03:44:01.165+0000] {logging_mixin.py:190} INFO - [2026-03-24T03:44:01.165+0000] {dag.py:4180} INFO - Setting next_dagrun for news_pipeline to 2026-03-24 03:30:00+00:00, run_after=2026-03-24 04:00:00+00:00
[2026-03-24T03:44:01.182+0000] {processor.py:208} INFO - Processing /opt/airflow/dags/news_pipeline_dag.py took 0.082 seconds
[2026-03-24T03:44:31.584+0000] {processor.py:186} INFO - Started process (PID=286) to work on /opt/airflow/dags/news_pipeline_dag.py
[2026-03-24T03:44:31.585+0000] {processor.py:914} INFO - Processing file /opt/airflow/dags/news_pipeline_dag.py for tasks to queue
[2026-03-24T03:44:31.588+0000] {logging_mixin.py:190} INFO - [2026-03-24T03:44:31.587+0000] {dagbag.py:588} INFO - Filling up the DagBag from /opt/airflow/dags/news_pipeline_dag.py
[2026-03-24T03:44:31.603+0000] {processor.py:925} INFO - DAG(s) 'news_pipeline' retrieved from /opt/airflow/dags/news_pipeline_dag.py
[2026-03-24T03:44:31.624+0000] {logging_mixin.py:190} INFO - [2026-03-24T03:44:31.624+0000] {dag.py:3239} INFO - Sync 1 DAGs
[2026-03-24T03:44:31.643+0000] {logging_mixin.py:190} INFO - [2026-03-24T03:44:31.642+0000] {dag.py:4180} INFO - Setting next_dagrun for news_pipeline to 2026-03-24 03:30:00+00:00, run_after=2026-03-24 04:00:00+00:00
[2026-03-24T03:44:31.660+0000] {processor.py:208} INFO - Processing /opt/airflow/dags/news_pipeline_dag.py took 0.082 seconds
[2026-03-24T03:45:01.795+0000] {processor.py:186} INFO - Started process (PID=291) to work on /opt/airflow/dags/news_pipeline_dag.py
[2026-03-24T03:45:01.796+0000] {processor.py:914} INFO - Processing file /opt/airflow/dags/news_pipeline_dag.py for tasks to queue
[2026-03-24T03:45:01.799+0000] {logging_mixin.py:190} INFO - [2026-03-24T03:45:01.798+0000] {dagbag.py:588} INFO - Filling up the DagBag from /opt/airflow/dags/news_pipeline_dag.py
[2026-03-24T03:45:01.831+0000] {processor.py:925} INFO - DAG(s) 'news_pipeline' retrieved from /opt/airflow/dags/news_pipeline_dag.py
[2026-03-24T03:45:01.873+0000] {logging_mixin.py:190} INFO - [2026-03-24T03:45:01.872+0000] {dag.py:3239} INFO - Sync 1 DAGs
[2026-03-24T03:45:01.906+0000] {logging_mixin.py:190} INFO - [2026-03-24T03:45:01.906+0000] {dag.py:4180} INFO - Setting next_dagrun for news_pipeline to 2026-03-24 03:30:00+00:00, run_after=2026-03-24 04:00:00+00:00
[2026-03-24T03:45:01.937+0000] {processor.py:208} INFO - Processing /opt/airflow/dags/news_pipeline_dag.py took 0.149 seconds
[2026-03-24T03:45:32.222+0000] {processor.py:186} INFO - Started process (PID=296) to work on /opt/airflow/dags/news_pipeline_dag.py
[2026-03-24T03:45:32.223+0000] {processor.py:914} INFO - Processing file /opt/airflow/dags/news_pipeline_dag.py for tasks to queue
[2026-03-24T03:45:32.225+0000] {logging_mixin.py:190} INFO - [2026-03-24T03:45:32.224+0000] {dagbag.py:588} INFO - Filling up the DagBag from /opt/airflow/dags/news_pipeline_dag.py
[2026-03-24T03:45:32.239+0000] {processor.py:925} INFO - DAG(s) 'news_pipeline' retrieved from /opt/airflow/dags/news_pipeline_dag.py
[2026-03-24T03:45:32.260+0000] {logging_mixin.py:190} INFO - [2026-03-24T03:45:32.260+0000] {dag.py:3239} INFO - Sync 1 DAGs
[2026-03-24T03:45:32.278+0000] {logging_mixin.py:190} INFO - [2026-03-24T03:45:32.278+0000] {dag.py:4180} INFO - Setting next_dagrun for news_pipeline to 2026-03-24 03:30:00+00:00, run_after=2026-03-24 04:00:00+00:00
[2026-03-24T03:45:32.295+0000] {processor.py:208} INFO - Processing /opt/airflow/dags/news_pipeline_dag.py took 0.078 seconds
[2026-03-24T03:46:03.223+0000] {processor.py:186} INFO - Started process (PID=301) to work on /opt/airflow/dags/news_pipeline_dag.py
[2026-03-24T03:46:03.224+0000] {processor.py:914} INFO - Processing file /opt/airflow/dags/news_pipeline_dag.py for tasks to queue
[2026-03-24T03:46:03.226+0000] {logging_mixin.py:190} INFO - [2026-03-24T03:46:03.226+0000] {dagbag.py:588} INFO - Filling up the DagBag from /opt/airflow/dags/news_pipeline_dag.py
[2026-03-24T03:46:03.238+0000] {processor.py:925} INFO - DAG(s) 'news_pipeline' retrieved from /opt/airflow/dags/news_pipeline_dag.py
[2026-03-24T03:46:03.261+0000] {logging_mixin.py:190} INFO - [2026-03-24T03:46:03.261+0000] {dag.py:3239} INFO - Sync 1 DAGs
[2026-03-24T03:46:03.279+0000] {logging_mixin.py:190} INFO - [2026-03-24T03:46:03.279+0000] {dag.py:4180} INFO - Setting next_dagrun for news_pipeline to 2026-03-24 03:30:00+00:00, run_after=2026-03-24 04:00:00+00:00
[2026-03-24T03:46:03.298+0000] {processor.py:208} INFO - Processing /opt/airflow/dags/news_pipeline_dag.py took 0.080 seconds
[2026-03-24T03:46:33.571+0000] {processor.py:186} INFO - Started process (PID=306) to work on /opt/airflow/dags/news_pipeline_dag.py
[2026-03-24T03:46:33.572+0000] {processor.py:914} INFO - Processing file /opt/airflow/dags/news_pipeline_dag.py for tasks to queue
[2026-03-24T03:46:33.574+0000] {logging_mixin.py:190} INFO - [2026-03-24T03:46:33.573+0000] {dagbag.py:588} INFO - Filling up the DagBag from /opt/airflow/dags/news_pipeline_dag.py
[2026-03-24T03:46:33.591+0000] {processor.py:925} INFO - DAG(s) 'news_pipeline' retrieved from /opt/airflow/dags/news_pipeline_dag.py
[2026-03-24T03:46:33.613+0000] {logging_mixin.py:190} INFO - [2026-03-24T03:46:33.613+0000] {dag.py:3239} INFO - Sync 1 DAGs
[2026-03-24T03:46:33.633+0000] {logging_mixin.py:190} INFO - [2026-03-24T03:46:33.633+0000] {dag.py:4180} INFO - Setting next_dagrun for news_pipeline to 2026-03-24 03:30:00+00:00, run_after=2026-03-24 04:00:00+00:00
[2026-03-24T03:46:33.651+0000] {processor.py:208} INFO - Processing /opt/airflow/dags/news_pipeline_dag.py took 0.086 seconds
[2026-03-24T03:47:03.914+0000] {processor.py:186} INFO - Started process (PID=311) to work on /opt/airflow/dags/news_pipeline_dag.py
[2026-03-24T03:47:03.915+0000] {processor.py:914} INFO - Processing file /opt/airflow/dags/news_pipeline_dag.py for tasks to queue
[2026-03-24T03:47:03.916+0000] {logging_mixin.py:190} INFO - [2026-03-24T03:47:03.916+0000] {dagbag.py:588} INFO - Filling up the DagBag from /opt/airflow/dags/news_pipeline_dag.py
[2026-03-24T03:47:03.932+0000] {processor.py:925} INFO - DAG(s) 'news_pipeline' retrieved from /opt/airflow/dags/news_pipeline_dag.py
[2026-03-24T03:47:03.954+0000] {logging_mixin.py:190} INFO - [2026-03-24T03:47:03.954+0000] {dag.py:3239} INFO - Sync 1 DAGs
[2026-03-24T03:47:03.972+0000] {logging_mixin.py:190} INFO - [2026-03-24T03:47:03.972+0000] {dag.py:4180} INFO - Setting next_dagrun for news_pipeline to 2026-03-24 03:30:00+00:00, run_after=2026-03-24 04:00:00+00:00
[2026-03-24T03:47:03.990+0000] {processor.py:208} INFO - Processing /opt/airflow/dags/news_pipeline_dag.py took 0.081 seconds
[2026-03-24T03:47:34.297+0000] {processor.py:186} INFO - Started process (PID=316) to work on /opt/airflow/dags/news_pipeline_dag.py
[2026-03-24T03:47:34.298+0000] {processor.py:914} INFO - Processing file /opt/airflow/dags/news_pipeline_dag.py for tasks to queue
[2026-03-24T03:47:34.301+0000] {logging_mixin.py:190} INFO - [2026-03-24T03:47:34.300+0000] {dagbag.py:588} INFO - Filling up the DagBag from /opt/airflow/dags/news_pipeline_dag.py
[2026-03-24T03:47:34.317+0000] {processor.py:925} INFO - DAG(s) 'news_pipeline' retrieved from /opt/airflow/dags/news_pipeline_dag.py
[2026-03-24T03:47:34.338+0000] {logging_mixin.py:190} INFO - [2026-03-24T03:47:34.338+0000] {dag.py:3239} INFO - Sync 1 DAGs
[2026-03-24T03:47:34.358+0000] {logging_mixin.py:190} INFO - [2026-03-24T03:47:34.358+0000] {dag.py:4180} INFO - Setting next_dagrun for news_pipeline to 2026-03-24 03:30:00+00:00, run_after=2026-03-24 04:00:00+00:00
[2026-03-24T03:47:34.375+0000] {processor.py:208} INFO - Processing /opt/airflow/dags/news_pipeline_dag.py took 0.082 seconds
[2026-03-24T03:48:04.533+0000] {processor.py:186} INFO - Started process (PID=321) to work on /opt/airflow/dags/news_pipeline_dag.py
[2026-03-24T03:48:04.534+0000] {processor.py:914} INFO - Processing file /opt/airflow/dags/news_pipeline_dag.py for tasks to queue
[2026-03-24T03:48:04.536+0000] {logging_mixin.py:190} INFO - [2026-03-24T03:48:04.536+0000] {dagbag.py:588} INFO - Filling up the DagBag from /opt/airflow/dags/news_pipeline_dag.py
[2026-03-24T03:48:04.549+0000] {processor.py:925} INFO - DAG(s) 'news_pipeline' retrieved from /opt/airflow/dags/news_pipeline_dag.py
[2026-03-24T03:48:04.571+0000] {logging_mixin.py:190} INFO - [2026-03-24T03:48:04.571+0000] {dag.py:3239} INFO - Sync 1 DAGs
[2026-03-24T03:48:04.589+0000] {logging_mixin.py:190} INFO - [2026-03-24T03:48:04.589+0000] {dag.py:4180} INFO - Setting next_dagrun for news_pipeline to 2026-03-24 03:30:00+00:00, run_after=2026-03-24 04:00:00+00:00
[2026-03-24T03:48:04.607+0000] {processor.py:208} INFO - Processing /opt/airflow/dags/news_pipeline_dag.py took 0.079 seconds
[2026-03-24T03:48:34.781+0000] {processor.py:186} INFO - Started process (PID=326) to work on /opt/airflow/dags/news_pipeline_dag.py
[2026-03-24T03:48:34.782+0000] {processor.py:914} INFO - Processing file /opt/airflow/dags/news_pipeline_dag.py for tasks to queue
[2026-03-24T03:48:34.785+0000] {logging_mixin.py:190} INFO - [2026-03-24T03:48:34.785+0000] {dagbag.py:588} INFO - Filling up the DagBag from /opt/airflow/dags/news_pipeline_dag.py
[2026-03-24T03:48:34.800+0000] {processor.py:925} INFO - DAG(s) 'news_pipeline' retrieved from /opt/airflow/dags/news_pipeline_dag.py
[2026-03-24T03:48:34.824+0000] {logging_mixin.py:190} INFO - [2026-03-24T03:48:34.824+0000] {dag.py:3239} INFO - Sync 1 DAGs
[2026-03-24T03:48:34.843+0000] {logging_mixin.py:190} INFO - [2026-03-24T03:48:34.843+0000] {dag.py:4180} INFO - Setting next_dagrun for news_pipeline to 2026-03-24 03:30:00+00:00, run_after=2026-03-24 04:00:00+00:00
[2026-03-24T03:48:34.862+0000] {processor.py:208} INFO - Processing /opt/airflow/dags/news_pipeline_dag.py took 0.088 seconds
[2026-03-24T03:49:05.001+0000] {processor.py:186} INFO - Started process (PID=331) to work on /opt/airflow/dags/news_pipeline_dag.py
[2026-03-24T03:49:05.002+0000] {processor.py:914} INFO - Processing file /opt/airflow/dags/news_pipeline_dag.py for tasks to queue
[2026-03-24T03:49:05.004+0000] {logging_mixin.py:190} INFO - [2026-03-24T03:49:05.004+0000] {dagbag.py:588} INFO - Filling up the DagBag from /opt/airflow/dags/news_pipeline_dag.py
[2026-03-24T03:49:05.021+0000] {processor.py:925} INFO - DAG(s) 'news_pipeline' retrieved from /opt/airflow/dags/news_pipeline_dag.py
[2026-03-24T03:49:05.049+0000] {logging_mixin.py:190} INFO - [2026-03-24T03:49:05.049+0000] {dag.py:3239} INFO - Sync 1 DAGs
[2026-03-24T03:49:05.072+0000] {logging_mixin.py:190} INFO - [2026-03-24T03:49:05.071+0000] {dag.py:4180} INFO - Setting next_dagrun for news_pipeline to 2026-03-24 03:30:00+00:00, run_after=2026-03-24 04:00:00+00:00
[2026-03-24T03:49:05.088+0000] {processor.py:208} INFO - Processing /opt/airflow/dags/news_pipeline_dag.py took 0.093 seconds
[2026-03-24T03:49:35.388+0000] {processor.py:186} INFO - Started process (PID=336) to work on /opt/airflow/dags/news_pipeline_dag.py
[2026-03-24T03:49:35.389+0000] {processor.py:914} INFO - Processing file /opt/airflow/dags/news_pipeline_dag.py for tasks to queue
[2026-03-24T03:49:35.392+0000] {logging_mixin.py:190} INFO - [2026-03-24T03:49:35.392+0000] {dagbag.py:588} INFO - Filling up the DagBag from /opt/airflow/dags/news_pipeline_dag.py
[2026-03-24T03:49:35.431+0000] {processor.py:925} INFO - DAG(s) 'news_pipeline' retrieved from /opt/airflow/dags/news_pipeline_dag.py
[2026-03-24T03:49:35.469+0000] {logging_mixin.py:190} INFO - [2026-03-24T03:49:35.469+0000] {dag.py:3239} INFO - Sync 1 DAGs
[2026-03-24T03:49:35.496+0000] {logging_mixin.py:190} INFO - [2026-03-24T03:49:35.496+0000] {dag.py:4180} INFO - Setting next_dagrun for news_pipeline to 2026-03-24 03:30:00+00:00, run_after=2026-03-24 04:00:00+00:00
[2026-03-24T03:49:35.521+0000] {processor.py:208} INFO - Processing /opt/airflow/dags/news_pipeline_dag.py took 0.143 seconds
[2026-03-24T03:50:05.604+0000] {processor.py:186} INFO - Started process (PID=341) to work on /opt/airflow/dags/news_pipeline_dag.py
[2026-03-24T03:50:05.607+0000] {processor.py:914} INFO - Processing file /opt/airflow/dags/news_pipeline_dag.py for tasks to queue
[2026-03-24T03:50:05.610+0000] {logging_mixin.py:190} INFO - [2026-03-24T03:50:05.610+0000] {dagbag.py:588} INFO - Filling up the DagBag from /opt/airflow/dags/news_pipeline_dag.py
[2026-03-24T03:50:05.642+0000] {processor.py:925} INFO - DAG(s) 'news_pipeline' retrieved from /opt/airflow/dags/news_pipeline_dag.py
[2026-03-24T03:50:05.674+0000] {logging_mixin.py:190} INFO - [2026-03-24T03:50:05.674+0000] {dag.py:3239} INFO - Sync 1 DAGs
[2026-03-24T03:50:05.698+0000] {logging_mixin.py:190} INFO - [2026-03-24T03:50:05.698+0000] {dag.py:4180} INFO - Setting next_dagrun for news_pipeline to 2026-03-24 03:30:00+00:00, run_after=2026-03-24 04:00:00+00:00
[2026-03-24T03:50:05.722+0000] {processor.py:208} INFO - Processing /opt/airflow/dags/news_pipeline_dag.py took 0.124 seconds
[2026-03-24T03:50:35.851+0000] {processor.py:186} INFO - Started process (PID=346) to work on /opt/airflow/dags/news_pipeline_dag.py
[2026-03-24T03:50:35.852+0000] {processor.py:914} INFO - Processing file /opt/airflow/dags/news_pipeline_dag.py for tasks to queue
[2026-03-24T03:50:35.854+0000] {logging_mixin.py:190} INFO - [2026-03-24T03:50:35.854+0000] {dagbag.py:588} INFO - Filling up the DagBag from /opt/airflow/dags/news_pipeline_dag.py
[2026-03-24T03:50:35.872+0000] {processor.py:925} INFO - DAG(s) 'news_pipeline' retrieved from /opt/airflow/dags/news_pipeline_dag.py
[2026-03-24T03:50:35.897+0000] {logging_mixin.py:190} INFO - [2026-03-24T03:50:35.897+0000] {dag.py:3239} INFO - Sync 1 DAGs
[2026-03-24T03:50:35.917+0000] {logging_mixin.py:190} INFO - [2026-03-24T03:50:35.917+0000] {dag.py:4180} INFO - Setting next_dagrun for news_pipeline to 2026-03-24 03:30:00+00:00, run_after=2026-03-24 04:00:00+00:00
[2026-03-24T03:50:35.937+0000] {processor.py:208} INFO - Processing /opt/airflow/dags/news_pipeline_dag.py took 0.092 seconds
[2026-03-24T03:51:06.064+0000] {processor.py:186} INFO - Started process (PID=351) to work on /opt/airflow/dags/news_pipeline_dag.py
[2026-03-24T03:51:06.065+0000] {processor.py:914} INFO - Processing file /opt/airflow/dags/news_pipeline_dag.py for tasks to queue
[2026-03-24T03:51:06.066+0000] {logging_mixin.py:190} INFO - [2026-03-24T03:51:06.066+0000] {dagbag.py:588} INFO - Filling up the DagBag from /opt/airflow/dags/news_pipeline_dag.py
[2026-03-24T03:51:06.082+0000] {processor.py:925} INFO - DAG(s) 'news_pipeline' retrieved from /opt/airflow/dags/news_pipeline_dag.py
[2026-03-24T03:51:06.106+0000] {logging_mixin.py:190} INFO - [2026-03-24T03:51:06.105+0000] {dag.py:3239} INFO - Sync 1 DAGs
[2026-03-24T03:51:06.125+0000] {logging_mixin.py:190} INFO - [2026-03-24T03:51:06.125+0000] {dag.py:4180} INFO - Setting next_dagrun for news_pipeline to 2026-03-24 03:30:00+00:00, run_after=2026-03-24 04:00:00+00:00
[2026-03-24T03:51:06.144+0000] {processor.py:208} INFO - Processing /opt/airflow/dags/news_pipeline_dag.py took 0.085 seconds
[2026-03-24T03:51:36.227+0000] {processor.py:186} INFO - Started process (PID=356) to work on /opt/airflow/dags/news_pipeline_dag.py
[2026-03-24T03:51:36.228+0000] {processor.py:914} INFO - Processing file /opt/airflow/dags/news_pipeline_dag.py for tasks to queue
[2026-03-24T03:51:36.230+0000] {logging_mixin.py:190} INFO - [2026-03-24T03:51:36.230+0000] {dagbag.py:588} INFO - Filling up the DagBag from /opt/airflow/dags/news_pipeline_dag.py
[2026-03-24T03:51:36.247+0000] {processor.py:925} INFO - DAG(s) 'news_pipeline' retrieved from /opt/airflow/dags/news_pipeline_dag.py
[2026-03-24T03:51:36.273+0000] {logging_mixin.py:190} INFO - [2026-03-24T03:51:36.273+0000] {dag.py:3239} INFO - Sync 1 DAGs
[2026-03-24T03:51:36.293+0000] {logging_mixin.py:190} INFO - [2026-03-24T03:51:36.293+0000] {dag.py:4180} INFO - Setting next_dagrun for news_pipeline to 2026-03-24 03:30:00+00:00, run_after=2026-03-24 04:00:00+00:00
[2026-03-24T03:51:36.310+0000] {processor.py:208} INFO - Processing /opt/airflow/dags/news_pipeline_dag.py took 0.088 seconds
[2026-03-24T03:52:06.474+0000] {processor.py:186} INFO - Started process (PID=361) to work on /opt/airflow/dags/news_pipeline_dag.py
[2026-03-24T03:52:06.475+0000] {processor.py:914} INFO - Processing file /opt/airflow/dags/news_pipeline_dag.py for tasks to queue
[2026-03-24T03:52:06.477+0000] {logging_mixin.py:190} INFO - [2026-03-24T03:52:06.477+0000] {dagbag.py:588} INFO - Filling up the DagBag from /opt/airflow/dags/news_pipeline_dag.py
[2026-03-24T03:52:06.494+0000] {processor.py:925} INFO - DAG(s) 'news_pipeline' retrieved from /opt/airflow/dags/news_pipeline_dag.py
[2026-03-24T03:52:06.516+0000] {logging_mixin.py:190} INFO - [2026-03-24T03:52:06.516+0000] {dag.py:3239} INFO - Sync 1 DAGs
[2026-03-24T03:52:06.536+0000] {logging_mixin.py:190} INFO - [2026-03-24T03:52:06.536+0000] {dag.py:4180} INFO - Setting next_dagrun for news_pipeline to 2026-03-24 03:30:00+00:00, run_after=2026-03-24 04:00:00+00:00
[2026-03-24T03:52:06.556+0000] {processor.py:208} INFO - Processing /opt/airflow/dags/news_pipeline_dag.py took 0.088 seconds
[2026-03-24T03:52:36.815+0000] {processor.py:186} INFO - Started process (PID=366) to work on /opt/airflow/dags/news_pipeline_dag.py
[2026-03-24T03:52:36.816+0000] {processor.py:914} INFO - Processing file /opt/airflow/dags/news_pipeline_dag.py for tasks to queue
[2026-03-24T03:52:36.818+0000] {logging_mixin.py:190} INFO - [2026-03-24T03:52:36.818+0000] {dagbag.py:588} INFO - Filling up the DagBag from /opt/airflow/dags/news_pipeline_dag.py
[2026-03-24T03:52:36.834+0000] {processor.py:925} INFO - DAG(s) 'news_pipeline' retrieved from /opt/airflow/dags/news_pipeline_dag.py
[2026-03-24T03:52:36.859+0000] {logging_mixin.py:190} INFO - [2026-03-24T03:52:36.859+0000] {dag.py:3239} INFO - Sync 1 DAGs
[2026-03-24T03:52:36.880+0000] {logging_mixin.py:190} INFO - [2026-03-24T03:52:36.880+0000] {dag.py:4180} INFO - Setting next_dagrun for news_pipeline to 2026-03-24 03:30:00+00:00, run_after=2026-03-24 04:00:00+00:00
[2026-03-24T03:52:36.897+0000] {processor.py:208} INFO - Processing /opt/airflow/dags/news_pipeline_dag.py took 0.089 seconds
[2026-03-24T03:53:07.025+0000] {processor.py:186} INFO - Started process (PID=371) to work on /opt/airflow/dags/news_pipeline_dag.py
[2026-03-24T03:53:07.026+0000] {processor.py:914} INFO - Processing file /opt/airflow/dags/news_pipeline_dag.py for tasks to queue
[2026-03-24T03:53:07.028+0000] {logging_mixin.py:190} INFO - [2026-03-24T03:53:07.028+0000] {dagbag.py:588} INFO - Filling up the DagBag from /opt/airflow/dags/news_pipeline_dag.py
[2026-03-24T03:53:07.044+0000] {processor.py:925} INFO - DAG(s) 'news_pipeline' retrieved from /opt/airflow/dags/news_pipeline_dag.py
[2026-03-24T03:53:07.068+0000] {logging_mixin.py:190} INFO - [2026-03-24T03:53:07.067+0000] {dag.py:3239} INFO - Sync 1 DAGs
[2026-03-24T03:53:07.087+0000] {logging_mixin.py:190} INFO - [2026-03-24T03:53:07.087+0000] {dag.py:4180} INFO - Setting next_dagrun for news_pipeline to 2026-03-24 03:30:00+00:00, run_after=2026-03-24 04:00:00+00:00
[2026-03-24T03:53:07.104+0000] {processor.py:208} INFO - Processing /opt/airflow/dags/news_pipeline_dag.py took 0.085 seconds
[2026-03-24T03:53:37.448+0000] {processor.py:186} INFO - Started process (PID=376) to work on /opt/airflow/dags/news_pipeline_dag.py
[2026-03-24T03:53:37.451+0000] {processor.py:914} INFO - Processing file /opt/airflow/dags/news_pipeline_dag.py for tasks to queue
[2026-03-24T03:53:37.454+0000] {logging_mixin.py:190} INFO - [2026-03-24T03:53:37.453+0000] {dagbag.py:588} INFO - Filling up the DagBag from /opt/airflow/dags/news_pipeline_dag.py
[2026-03-24T03:53:37.558+0000] {processor.py:925} INFO - DAG(s) 'news_pipeline' retrieved from /opt/airflow/dags/news_pipeline_dag.py
[2026-03-24T03:53:37.586+0000] {logging_mixin.py:190} INFO - [2026-03-24T03:53:37.586+0000] {dag.py:3239} INFO - Sync 1 DAGs
[2026-03-24T03:53:37.607+0000] {logging_mixin.py:190} INFO - [2026-03-24T03:53:37.606+0000] {dag.py:4180} INFO - Setting next_dagrun for news_pipeline to 2026-03-24 03:30:00+00:00, run_after=2026-03-24 04:00:00+00:00
[2026-03-24T03:53:37.633+0000] {processor.py:208} INFO - Processing /opt/airflow/dags/news_pipeline_dag.py took 0.198 seconds
[2026-03-24T03:54:07.829+0000] {processor.py:186} INFO - Started process (PID=381) to work on /opt/airflow/dags/news_pipeline_dag.py
[2026-03-24T03:54:07.830+0000] {processor.py:914} INFO - Processing file /opt/airflow/dags/news_pipeline_dag.py for tasks to queue
[2026-03-24T03:54:07.832+0000] {logging_mixin.py:190} INFO - [2026-03-24T03:54:07.832+0000] {dagbag.py:588} INFO - Filling up the DagBag from /opt/airflow/dags/news_pipeline_dag.py
[2026-03-24T03:54:07.853+0000] {processor.py:925} INFO - DAG(s) 'news_pipeline' retrieved from /opt/airflow/dags/news_pipeline_dag.py
[2026-03-24T03:54:07.878+0000] {logging_mixin.py:190} INFO - [2026-03-24T03:54:07.878+0000] {dag.py:3239} INFO - Sync 1 DAGs
[2026-03-24T03:54:07.898+0000] {logging_mixin.py:190} INFO - [2026-03-24T03:54:07.898+0000] {dag.py:4180} INFO - Setting next_dagrun for news_pipeline to 2026-03-24 03:30:00+00:00, run_after=2026-03-24 04:00:00+00:00
[2026-03-24T03:54:07.917+0000] {processor.py:208} INFO - Processing /opt/airflow/dags/news_pipeline_dag.py took 0.094 seconds
[2026-03-24T03:54:38.137+0000] {processor.py:186} INFO - Started process (PID=386) to work on /opt/airflow/dags/news_pipeline_dag.py
[2026-03-24T03:54:38.139+0000] {processor.py:914} INFO - Processing file /opt/airflow/dags/news_pipeline_dag.py for tasks to queue
[2026-03-24T03:54:38.141+0000] {logging_mixin.py:190} INFO - [2026-03-24T03:54:38.140+0000] {dagbag.py:588} INFO - Filling up the DagBag from /opt/airflow/dags/news_pipeline_dag.py
[2026-03-24T03:54:38.171+0000] {processor.py:925} INFO - DAG(s) 'news_pipeline' retrieved from /opt/airflow/dags/news_pipeline_dag.py
[2026-03-24T03:54:38.197+0000] {logging_mixin.py:190} INFO - [2026-03-24T03:54:38.197+0000] {dag.py:3239} INFO - Sync 1 DAGs
[2026-03-24T03:54:38.223+0000] {logging_mixin.py:190} INFO - [2026-03-24T03:54:38.223+0000] {dag.py:4180} INFO - Setting next_dagrun for news_pipeline to 2026-03-24 03:30:00+00:00, run_after=2026-03-24 04:00:00+00:00
[2026-03-24T03:54:38.250+0000] {processor.py:208} INFO - Processing /opt/airflow/dags/news_pipeline_dag.py took 0.119 seconds
[2026-03-24T03:55:08.393+0000] {processor.py:186} INFO - Started process (PID=391) to work on /opt/airflow/dags/news_pipeline_dag.py
[2026-03-24T03:55:08.395+0000] {processor.py:914} INFO - Processing file /opt/airflow/dags/news_pipeline_dag.py for tasks to queue
[2026-03-24T03:55:08.397+0000] {logging_mixin.py:190} INFO - [2026-03-24T03:55:08.397+0000] {dagbag.py:588} INFO - Filling up the DagBag from /opt/airflow/dags/news_pipeline_dag.py
[2026-03-24T03:55:08.426+0000] {processor.py:925} INFO - DAG(s) 'news_pipeline' retrieved from /opt/airflow/dags/news_pipeline_dag.py
[2026-03-24T03:55:08.454+0000] {logging_mixin.py:190} INFO - [2026-03-24T03:55:08.454+0000] {dag.py:3239} INFO - Sync 1 DAGs
[2026-03-24T03:55:08.476+0000] {logging_mixin.py:190} INFO - [2026-03-24T03:55:08.476+0000] {dag.py:4180} INFO - Setting next_dagrun for news_pipeline to 2026-03-24 03:30:00+00:00, run_after=2026-03-24 04:00:00+00:00
[2026-03-24T03:55:08.495+0000] {processor.py:208} INFO - Processing /opt/airflow/dags/news_pipeline_dag.py took 0.108 seconds
[2026-03-24T03:55:38.566+0000] {processor.py:186} INFO - Started process (PID=396) to work on /opt/airflow/dags/news_pipeline_dag.py
[2026-03-24T03:55:38.567+0000] {processor.py:914} INFO - Processing file /opt/airflow/dags/news_pipeline_dag.py for tasks to queue
[2026-03-24T03:55:38.569+0000] {logging_mixin.py:190} INFO - [2026-03-24T03:55:38.569+0000] {dagbag.py:588} INFO - Filling up the DagBag from /opt/airflow/dags/news_pipeline_dag.py
[2026-03-24T03:55:38.591+0000] {processor.py:925} INFO - DAG(s) 'news_pipeline' retrieved from /opt/airflow/dags/news_pipeline_dag.py
[2026-03-24T03:55:38.619+0000] {logging_mixin.py:190} INFO - [2026-03-24T03:55:38.619+0000] {dag.py:3239} INFO - Sync 1 DAGs
[2026-03-24T03:55:38.642+0000] {logging_mixin.py:190} INFO - [2026-03-24T03:55:38.642+0000] {dag.py:4180} INFO - Setting next_dagrun for news_pipeline to 2026-03-24 03:30:00+00:00, run_after=2026-03-24 04:00:00+00:00
[2026-03-24T03:55:38.663+0000] {processor.py:208} INFO - Processing /opt/airflow/dags/news_pipeline_dag.py took 0.102 seconds
[2026-03-24T03:56:08.801+0000] {processor.py:186} INFO - Started process (PID=401) to work on /opt/airflow/dags/news_pipeline_dag.py
[2026-03-24T03:56:08.802+0000] {processor.py:914} INFO - Processing file /opt/airflow/dags/news_pipeline_dag.py for tasks to queue
[2026-03-24T03:56:08.804+0000] {logging_mixin.py:190} INFO - [2026-03-24T03:56:08.804+0000] {dagbag.py:588} INFO - Filling up the DagBag from /opt/airflow/dags/news_pipeline_dag.py
[2026-03-24T03:56:08.831+0000] {processor.py:925} INFO - DAG(s) 'news_pipeline' retrieved from /opt/airflow/dags/news_pipeline_dag.py
[2026-03-24T03:56:08.856+0000] {logging_mixin.py:190} INFO - [2026-03-24T03:56:08.856+0000] {dag.py:3239} INFO - Sync 1 DAGs
[2026-03-24T03:56:08.877+0000] {logging_mixin.py:190} INFO - [2026-03-24T03:56:08.877+0000] {dag.py:4180} INFO - Setting next_dagrun for news_pipeline to 2026-03-24 03:30:00+00:00, run_after=2026-03-24 04:00:00+00:00
[2026-03-24T03:56:08.897+0000] {processor.py:208} INFO - Processing /opt/airflow/dags/news_pipeline_dag.py took 0.103 seconds
[2026-03-24T03:56:39.006+0000] {processor.py:186} INFO - Started process (PID=406) to work on /opt/airflow/dags/news_pipeline_dag.py
[2026-03-24T03:56:39.007+0000] {processor.py:914} INFO - Processing file /opt/airflow/dags/news_pipeline_dag.py for tasks to queue
[2026-03-24T03:56:39.010+0000] {logging_mixin.py:190} INFO - [2026-03-24T03:56:39.010+0000] {dagbag.py:588} INFO - Filling up the DagBag from /opt/airflow/dags/news_pipeline_dag.py
[2026-03-24T03:56:39.033+0000] {processor.py:925} INFO - DAG(s) 'news_pipeline' retrieved from /opt/airflow/dags/news_pipeline_dag.py
[2026-03-24T03:56:39.060+0000] {logging_mixin.py:190} INFO - [2026-03-24T03:56:39.060+0000] {dag.py:3239} INFO - Sync 1 DAGs
[2026-03-24T03:56:39.082+0000] {logging_mixin.py:190} INFO - [2026-03-24T03:56:39.082+0000] {dag.py:4180} INFO - Setting next_dagrun for news_pipeline to 2026-03-24 03:30:00+00:00, run_after=2026-03-24 04:00:00+00:00
[2026-03-24T03:56:39.104+0000] {processor.py:208} INFO - Processing /opt/airflow/dags/news_pipeline_dag.py took 0.105 seconds
[2026-03-24T03:57:09.309+0000] {processor.py:186} INFO - Started process (PID=411) to work on /opt/airflow/dags/news_pipeline_dag.py
[2026-03-24T03:57:09.310+0000] {processor.py:914} INFO - Processing file /opt/airflow/dags/news_pipeline_dag.py for tasks to queue
[2026-03-24T03:57:09.313+0000] {logging_mixin.py:190} INFO - [2026-03-24T03:57:09.312+0000] {dagbag.py:588} INFO - Filling up the DagBag from /opt/airflow/dags/news_pipeline_dag.py
[2026-03-24T03:57:09.340+0000] {processor.py:925} INFO - DAG(s) 'news_pipeline' retrieved from /opt/airflow/dags/news_pipeline_dag.py
[2026-03-24T03:57:09.367+0000] {logging_mixin.py:190} INFO - [2026-03-24T03:57:09.367+0000] {dag.py:3239} INFO - Sync 1 DAGs
[2026-03-24T03:57:09.389+0000] {logging_mixin.py:190} INFO - [2026-03-24T03:57:09.389+0000] {dag.py:4180} INFO - Setting next_dagrun for news_pipeline to 2026-03-24 03:30:00+00:00, run_after=2026-03-24 04:00:00+00:00
[2026-03-24T03:57:09.408+0000] {processor.py:208} INFO - Processing /opt/airflow/dags/news_pipeline_dag.py took 0.105 seconds
[2026-03-24T03:57:39.469+0000] {processor.py:186} INFO - Started process (PID=416) to work on /opt/airflow/dags/news_pipeline_dag.py
[2026-03-24T03:57:39.471+0000] {processor.py:914} INFO - Processing file /opt/airflow/dags/news_pipeline_dag.py for tasks to queue
[2026-03-24T03:57:39.473+0000] {logging_mixin.py:190} INFO - [2026-03-24T03:57:39.472+0000] {dagbag.py:588} INFO - Filling up the DagBag from /opt/airflow/dags/news_pipeline_dag.py
[2026-03-24T03:57:39.534+0000] {processor.py:925} INFO - DAG(s) 'news_pipeline' retrieved from /opt/airflow/dags/news_pipeline_dag.py
[2026-03-24T03:57:39.570+0000] {logging_mixin.py:190} INFO - [2026-03-24T03:57:39.569+0000] {dag.py:3239} INFO - Sync 1 DAGs
[2026-03-24T03:57:39.591+0000] {logging_mixin.py:190} INFO - [2026-03-24T03:57:39.591+0000] {dag.py:4180} INFO - Setting next_dagrun for news_pipeline to 2026-03-24 03:30:00+00:00, run_after=2026-03-24 04:00:00+00:00
[2026-03-24T03:57:39.610+0000] {processor.py:208} INFO - Processing /opt/airflow/dags/news_pipeline_dag.py took 0.146 seconds
[2026-03-24T03:58:09.729+0000] {processor.py:186} INFO - Started process (PID=421) to work on /opt/airflow/dags/news_pipeline_dag.py
[2026-03-24T03:58:09.730+0000] {processor.py:914} INFO - Processing file /opt/airflow/dags/news_pipeline_dag.py for tasks to queue
[2026-03-24T03:58:09.732+0000] {logging_mixin.py:190} INFO - [2026-03-24T03:58:09.732+0000] {dagbag.py:588} INFO - Filling up the DagBag from /opt/airflow/dags/news_pipeline_dag.py
[2026-03-24T03:58:09.751+0000] {processor.py:925} INFO - DAG(s) 'news_pipeline' retrieved from /opt/airflow/dags/news_pipeline_dag.py
[2026-03-24T03:58:09.783+0000] {logging_mixin.py:190} INFO - [2026-03-24T03:58:09.783+0000] {dag.py:3239} INFO - Sync 1 DAGs
[2026-03-24T03:58:09.810+0000] {logging_mixin.py:190} INFO - [2026-03-24T03:58:09.809+0000] {dag.py:4180} INFO - Setting next_dagrun for news_pipeline to 2026-03-24 03:30:00+00:00, run_after=2026-03-24 04:00:00+00:00
[2026-03-24T03:58:09.833+0000] {processor.py:208} INFO - Processing /opt/airflow/dags/news_pipeline_dag.py took 0.110 seconds
[2026-03-24T03:58:39.900+0000] {processor.py:186} INFO - Started process (PID=426) to work on /opt/airflow/dags/news_pipeline_dag.py
[2026-03-24T03:58:39.901+0000] {processor.py:914} INFO - Processing file /opt/airflow/dags/news_pipeline_dag.py for tasks to queue
[2026-03-24T03:58:39.903+0000] {logging_mixin.py:190} INFO - [2026-03-24T03:58:39.902+0000] {dagbag.py:588} INFO - Filling up the DagBag from /opt/airflow/dags/news_pipeline_dag.py
[2026-03-24T03:58:39.922+0000] {processor.py:925} INFO - DAG(s) 'news_pipeline' retrieved from /opt/airflow/dags/news_pipeline_dag.py
[2026-03-24T03:58:39.951+0000] {logging_mixin.py:190} INFO - [2026-03-24T03:58:39.951+0000] {dag.py:3239} INFO - Sync 1 DAGs
[2026-03-24T03:58:39.974+0000] {logging_mixin.py:190} INFO - [2026-03-24T03:58:39.974+0000] {dag.py:4180} INFO - Setting next_dagrun for news_pipeline to 2026-03-24 03:30:00+00:00, run_after=2026-03-24 04:00:00+00:00
[2026-03-24T03:58:39.995+0000] {processor.py:208} INFO - Processing /opt/airflow/dags/news_pipeline_dag.py took 0.101 seconds
[2026-03-24T03:59:10.220+0000] {processor.py:186} INFO - Started process (PID=431) to work on /opt/airflow/dags/news_pipeline_dag.py
[2026-03-24T03:59:10.221+0000] {processor.py:914} INFO - Processing file /opt/airflow/dags/news_pipeline_dag.py for tasks to queue
[2026-03-24T03:59:10.224+0000] {logging_mixin.py:190} INFO - [2026-03-24T03:59:10.223+0000] {dagbag.py:588} INFO - Filling up the DagBag from /opt/airflow/dags/news_pipeline_dag.py
[2026-03-24T03:59:10.244+0000] {processor.py:925} INFO - DAG(s) 'news_pipeline' retrieved from /opt/airflow/dags/news_pipeline_dag.py
[2026-03-24T03:59:10.270+0000] {logging_mixin.py:190} INFO - [2026-03-24T03:59:10.270+0000] {dag.py:3239} INFO - Sync 1 DAGs
[2026-03-24T03:59:10.291+0000] {logging_mixin.py:190} INFO - [2026-03-24T03:59:10.291+0000] {dag.py:4180} INFO - Setting next_dagrun for news_pipeline to 2026-03-24 03:30:00+00:00, run_after=2026-03-24 04:00:00+00:00
[2026-03-24T03:59:10.315+0000] {processor.py:208} INFO - Processing /opt/airflow/dags/news_pipeline_dag.py took 0.101 seconds
[2026-03-24T03:59:40.405+0000] {processor.py:186} INFO - Started process (PID=436) to work on /opt/airflow/dags/news_pipeline_dag.py
[2026-03-24T03:59:40.407+0000] {processor.py:914} INFO - Processing file /opt/airflow/dags/news_pipeline_dag.py for tasks to queue
[2026-03-24T03:59:40.409+0000] {logging_mixin.py:190} INFO - [2026-03-24T03:59:40.409+0000] {dagbag.py:588} INFO - Filling up the DagBag from /opt/airflow/dags/news_pipeline_dag.py
[2026-03-24T03:59:40.431+0000] {processor.py:925} INFO - DAG(s) 'news_pipeline' retrieved from /opt/airflow/dags/news_pipeline_dag.py
[2026-03-24T03:59:40.458+0000] {logging_mixin.py:190} INFO - [2026-03-24T03:59:40.458+0000] {dag.py:3239} INFO - Sync 1 DAGs
[2026-03-24T03:59:40.479+0000] {logging_mixin.py:190} INFO - [2026-03-24T03:59:40.479+0000] {dag.py:4180} INFO - Setting next_dagrun for news_pipeline to 2026-03-24 03:30:00+00:00, run_after=2026-03-24 04:00:00+00:00
[2026-03-24T03:59:40.502+0000] {processor.py:208} INFO - Processing /opt/airflow/dags/news_pipeline_dag.py took 0.102 seconds
[2026-03-24T04:00:10.642+0000] {processor.py:186} INFO - Started process (PID=455) to work on /opt/airflow/dags/news_pipeline_dag.py
[2026-03-24T04:00:10.644+0000] {processor.py:914} INFO - Processing file /opt/airflow/dags/news_pipeline_dag.py for tasks to queue
[2026-03-24T04:00:10.646+0000] {logging_mixin.py:190} INFO - [2026-03-24T04:00:10.646+0000] {dagbag.py:588} INFO - Filling up the DagBag from /opt/airflow/dags/news_pipeline_dag.py
[2026-03-24T04:00:10.672+0000] {processor.py:925} INFO - DAG(s) 'news_pipeline' retrieved from /opt/airflow/dags/news_pipeline_dag.py
[2026-03-24T04:00:10.698+0000] {logging_mixin.py:190} INFO - [2026-03-24T04:00:10.698+0000] {dag.py:3239} INFO - Sync 1 DAGs
[2026-03-24T04:00:10.718+0000] {logging_mixin.py:190} INFO - [2026-03-24T04:00:10.717+0000] {dag.py:4180} INFO - Setting next_dagrun for news_pipeline to 2026-03-24 04:00:00+00:00, run_after=2026-03-24 04:30:00+00:00
[2026-03-24T04:00:10.736+0000] {processor.py:208} INFO - Processing /opt/airflow/dags/news_pipeline_dag.py took 0.099 seconds
[2026-03-24T04:00:40.819+0000] {processor.py:186} INFO - Started process (PID=460) to work on /opt/airflow/dags/news_pipeline_dag.py
[2026-03-24T04:00:40.821+0000] {processor.py:914} INFO - Processing file /opt/airflow/dags/news_pipeline_dag.py for tasks to queue
[2026-03-24T04:00:40.823+0000] {logging_mixin.py:190} INFO - [2026-03-24T04:00:40.822+0000] {dagbag.py:588} INFO - Filling up the DagBag from /opt/airflow/dags/news_pipeline_dag.py
[2026-03-24T04:00:40.844+0000] {processor.py:925} INFO - DAG(s) 'news_pipeline' retrieved from /opt/airflow/dags/news_pipeline_dag.py
[2026-03-24T04:00:40.867+0000] {logging_mixin.py:190} INFO - [2026-03-24T04:00:40.867+0000] {dag.py:3239} INFO - Sync 1 DAGs
[2026-03-24T04:00:40.888+0000] {logging_mixin.py:190} INFO - [2026-03-24T04:00:40.888+0000] {dag.py:4180} INFO - Setting next_dagrun for news_pipeline to 2026-03-24 04:00:00+00:00, run_after=2026-03-24 04:30:00+00:00
[2026-03-24T04:00:40.906+0000] {processor.py:208} INFO - Processing /opt/airflow/dags/news_pipeline_dag.py took 0.093 seconds
[2026-03-24T04:01:11.665+0000] {processor.py:186} INFO - Started process (PID=465) to work on /opt/airflow/dags/news_pipeline_dag.py
[2026-03-24T04:01:11.666+0000] {processor.py:914} INFO - Processing file /opt/airflow/dags/news_pipeline_dag.py for tasks to queue
[2026-03-24T04:01:11.667+0000] {logging_mixin.py:190} INFO - [2026-03-24T04:01:11.667+0000] {dagbag.py:588} INFO - Filling up the DagBag from /opt/airflow/dags/news_pipeline_dag.py
[2026-03-24T04:01:11.686+0000] {processor.py:925} INFO - DAG(s) 'news_pipeline' retrieved from /opt/airflow/dags/news_pipeline_dag.py
[2026-03-24T04:01:11.716+0000] {logging_mixin.py:190} INFO - [2026-03-24T04:01:11.716+0000] {dag.py:3239} INFO - Sync 1 DAGs
[2026-03-24T04:01:11.739+0000] {logging_mixin.py:190} INFO - [2026-03-24T04:01:11.739+0000] {dag.py:4180} INFO - Setting next_dagrun for news_pipeline to 2026-03-24 04:00:00+00:00, run_after=2026-03-24 04:30:00+00:00
[2026-03-24T04:01:11.759+0000] {processor.py:208} INFO - Processing /opt/airflow/dags/news_pipeline_dag.py took 0.099 seconds
[2026-03-24T04:01:41.846+0000] {processor.py:186} INFO - Started process (PID=470) to work on /opt/airflow/dags/news_pipeline_dag.py
[2026-03-24T04:01:41.847+0000] {processor.py:914} INFO - Processing file /opt/airflow/dags/news_pipeline_dag.py for tasks to queue
[2026-03-24T04:01:41.850+0000] {logging_mixin.py:190} INFO - [2026-03-24T04:01:41.849+0000] {dagbag.py:588} INFO - Filling up the DagBag from /opt/airflow/dags/news_pipeline_dag.py
[2026-03-24T04:01:41.882+0000] {processor.py:925} INFO - DAG(s) 'news_pipeline' retrieved from /opt/airflow/dags/news_pipeline_dag.py
[2026-03-24T04:01:41.913+0000] {logging_mixin.py:190} INFO - [2026-03-24T04:01:41.913+0000] {dag.py:3239} INFO - Sync 1 DAGs
[2026-03-24T04:01:41.936+0000] {logging_mixin.py:190} INFO - [2026-03-24T04:01:41.936+0000] {dag.py:4180} INFO - Setting next_dagrun for news_pipeline to 2026-03-24 04:00:00+00:00, run_after=2026-03-24 04:30:00+00:00
[2026-03-24T04:01:41.955+0000] {processor.py:208} INFO - Processing /opt/airflow/dags/news_pipeline_dag.py took 0.114 seconds
[2026-03-24T04:02:12.615+0000] {processor.py:186} INFO - Started process (PID=475) to work on /opt/airflow/dags/news_pipeline_dag.py
[2026-03-24T04:02:12.616+0000] {processor.py:914} INFO - Processing file /opt/airflow/dags/news_pipeline_dag.py for tasks to queue
[2026-03-24T04:02:12.618+0000] {logging_mixin.py:190} INFO - [2026-03-24T04:02:12.618+0000] {dagbag.py:588} INFO - Filling up the DagBag from /opt/airflow/dags/news_pipeline_dag.py
[2026-03-24T04:02:12.642+0000] {processor.py:925} INFO - DAG(s) 'news_pipeline' retrieved from /opt/airflow/dags/news_pipeline_dag.py
[2026-03-24T04:02:12.668+0000] {logging_mixin.py:190} INFO - [2026-03-24T04:02:12.668+0000] {dag.py:3239} INFO - Sync 1 DAGs
[2026-03-24T04:02:12.688+0000] {logging_mixin.py:190} INFO - [2026-03-24T04:02:12.688+0000] {dag.py:4180} INFO - Setting next_dagrun for news_pipeline to 2026-03-24 04:00:00+00:00, run_after=2026-03-24 04:30:00+00:00
[2026-03-24T04:02:12.708+0000] {processor.py:208} INFO - Processing /opt/airflow/dags/news_pipeline_dag.py took 0.099 seconds
[2026-03-24T04:02:42.977+0000] {processor.py:186} INFO - Started process (PID=480) to work on /opt/airflow/dags/news_pipeline_dag.py
[2026-03-24T04:02:42.978+0000] {processor.py:914} INFO - Processing file /opt/airflow/dags/news_pipeline_dag.py for tasks to queue
[2026-03-24T04:02:42.981+0000] {logging_mixin.py:190} INFO - [2026-03-24T04:02:42.981+0000] {dagbag.py:588} INFO - Filling up the DagBag from /opt/airflow/dags/news_pipeline_dag.py
[2026-03-24T04:02:43.005+0000] {processor.py:925} INFO - DAG(s) 'news_pipeline' retrieved from /opt/airflow/dags/news_pipeline_dag.py
[2026-03-24T04:02:43.030+0000] {logging_mixin.py:190} INFO - [2026-03-24T04:02:43.030+0000] {dag.py:3239} INFO - Sync 1 DAGs
[2026-03-24T04:02:43.051+0000] {logging_mixin.py:190} INFO - [2026-03-24T04:02:43.051+0000] {dag.py:4180} INFO - Setting next_dagrun for news_pipeline to 2026-03-24 04:00:00+00:00, run_after=2026-03-24 04:30:00+00:00
[2026-03-24T04:02:43.069+0000] {processor.py:208} INFO - Processing /opt/airflow/dags/news_pipeline_dag.py took 0.099 seconds
[2026-03-24T04:03:13.197+0000] {processor.py:186} INFO - Started process (PID=485) to work on /opt/airflow/dags/news_pipeline_dag.py
[2026-03-24T04:03:13.199+0000] {processor.py:914} INFO - Processing file /opt/airflow/dags/news_pipeline_dag.py for tasks to queue
[2026-03-24T04:03:13.205+0000] {logging_mixin.py:190} INFO - [2026-03-24T04:03:13.204+0000] {dagbag.py:588} INFO - Filling up the DagBag from /opt/airflow/dags/news_pipeline_dag.py
[2026-03-24T04:03:13.257+0000] {processor.py:925} INFO - DAG(s) 'news_pipeline' retrieved from /opt/airflow/dags/news_pipeline_dag.py
[2026-03-24T04:03:13.294+0000] {logging_mixin.py:190} INFO - [2026-03-24T04:03:13.294+0000] {dag.py:3239} INFO - Sync 1 DAGs
[2026-03-24T04:03:13.317+0000] {logging_mixin.py:190} INFO - [2026-03-24T04:03:13.317+0000] {dag.py:4180} INFO - Setting next_dagrun for news_pipeline to 2026-03-24 04:00:00+00:00, run_after=2026-03-24 04:30:00+00:00
[2026-03-24T04:03:13.338+0000] {processor.py:208} INFO - Processing /opt/airflow/dags/news_pipeline_dag.py took 0.157 seconds
[2026-03-24T04:03:43.452+0000] {processor.py:186} INFO - Started process (PID=490) to work on /opt/airflow/dags/news_pipeline_dag.py
[2026-03-24T04:03:43.454+0000] {processor.py:914} INFO - Processing file /opt/airflow/dags/news_pipeline_dag.py for tasks to queue
[2026-03-24T04:03:43.456+0000] {logging_mixin.py:190} INFO - [2026-03-24T04:03:43.456+0000] {dagbag.py:588} INFO - Filling up the DagBag from /opt/airflow/dags/news_pipeline_dag.py
[2026-03-24T04:03:43.489+0000] {processor.py:925} INFO - DAG(s) 'news_pipeline' retrieved from /opt/airflow/dags/news_pipeline_dag.py
[2026-03-24T04:03:43.520+0000] {logging_mixin.py:190} INFO - [2026-03-24T04:03:43.520+0000] {dag.py:3239} INFO - Sync 1 DAGs
[2026-03-24T04:03:43.543+0000] {logging_mixin.py:190} INFO - [2026-03-24T04:03:43.543+0000] {dag.py:4180} INFO - Setting next_dagrun for news_pipeline to 2026-03-24 04:00:00+00:00, run_after=2026-03-24 04:30:00+00:00
[2026-03-24T04:03:43.570+0000] {processor.py:208} INFO - Processing /opt/airflow/dags/news_pipeline_dag.py took 0.124 seconds
[2026-03-24T04:04:13.791+0000] {processor.py:186} INFO - Started process (PID=495) to work on /opt/airflow/dags/news_pipeline_dag.py
[2026-03-24T04:04:13.792+0000] {processor.py:914} INFO - Processing file /opt/airflow/dags/news_pipeline_dag.py for tasks to queue
[2026-03-24T04:04:13.794+0000] {logging_mixin.py:190} INFO - [2026-03-24T04:04:13.794+0000] {dagbag.py:588} INFO - Filling up the DagBag from /opt/airflow/dags/news_pipeline_dag.py
[2026-03-24T04:04:13.815+0000] {processor.py:925} INFO - DAG(s) 'news_pipeline' retrieved from /opt/airflow/dags/news_pipeline_dag.py
[2026-03-24T04:04:13.842+0000] {logging_mixin.py:190} INFO - [2026-03-24T04:04:13.842+0000] {dag.py:3239} INFO - Sync 1 DAGs
[2026-03-24T04:04:13.866+0000] {logging_mixin.py:190} INFO - [2026-03-24T04:04:13.866+0000] {dag.py:4180} INFO - Setting next_dagrun for news_pipeline to 2026-03-24 04:00:00+00:00, run_after=2026-03-24 04:30:00+00:00
[2026-03-24T04:04:13.890+0000] {processor.py:208} INFO - Processing /opt/airflow/dags/news_pipeline_dag.py took 0.104 seconds
[2026-03-24T04:04:44.044+0000] {processor.py:186} INFO - Started process (PID=500) to work on /opt/airflow/dags/news_pipeline_dag.py
[2026-03-24T04:04:44.045+0000] {processor.py:914} INFO - Processing file /opt/airflow/dags/news_pipeline_dag.py for tasks to queue
[2026-03-24T04:04:44.047+0000] {logging_mixin.py:190} INFO - [2026-03-24T04:04:44.046+0000] {dagbag.py:588} INFO - Filling up the DagBag from /opt/airflow/dags/news_pipeline_dag.py
[2026-03-24T04:04:44.068+0000] {processor.py:925} INFO - DAG(s) 'news_pipeline' retrieved from /opt/airflow/dags/news_pipeline_dag.py
[2026-03-24T04:04:44.097+0000] {logging_mixin.py:190} INFO - [2026-03-24T04:04:44.097+0000] {dag.py:3239} INFO - Sync 1 DAGs
[2026-03-24T04:04:44.121+0000] {logging_mixin.py:190} INFO - [2026-03-24T04:04:44.121+0000] {dag.py:4180} INFO - Setting next_dagrun for news_pipeline to 2026-03-24 04:00:00+00:00, run_after=2026-03-24 04:30:00+00:00
[2026-03-24T04:04:44.139+0000] {processor.py:208} INFO - Processing /opt/airflow/dags/news_pipeline_dag.py took 0.101 seconds
[2026-03-24T04:05:14.380+0000] {processor.py:186} INFO - Started process (PID=505) to work on /opt/airflow/dags/news_pipeline_dag.py
[2026-03-24T04:05:14.381+0000] {processor.py:914} INFO - Processing file /opt/airflow/dags/news_pipeline_dag.py for tasks to queue
[2026-03-24T04:05:14.383+0000] {logging_mixin.py:190} INFO - [2026-03-24T04:05:14.383+0000] {dagbag.py:588} INFO - Filling up the DagBag from /opt/airflow/dags/news_pipeline_dag.py
[2026-03-24T04:05:14.408+0000] {processor.py:925} INFO - DAG(s) 'news_pipeline' retrieved from /opt/airflow/dags/news_pipeline_dag.py
[2026-03-24T04:05:14.438+0000] {logging_mixin.py:190} INFO - [2026-03-24T04:05:14.437+0000] {dag.py:3239} INFO - Sync 1 DAGs
[2026-03-24T04:05:14.460+0000] {logging_mixin.py:190} INFO - [2026-03-24T04:05:14.460+0000] {dag.py:4180} INFO - Setting next_dagrun for news_pipeline to 2026-03-24 04:00:00+00:00, run_after=2026-03-24 04:30:00+00:00
[2026-03-24T04:05:14.490+0000] {processor.py:208} INFO - Processing /opt/airflow/dags/news_pipeline_dag.py took 0.116 seconds
[2026-03-24T04:05:44.620+0000] {processor.py:186} INFO - Started process (PID=510) to work on /opt/airflow/dags/news_pipeline_dag.py
[2026-03-24T04:05:44.621+0000] {processor.py:914} INFO - Processing file /opt/airflow/dags/news_pipeline_dag.py for tasks to queue
[2026-03-24T04:05:44.624+0000] {logging_mixin.py:190} INFO - [2026-03-24T04:05:44.624+0000] {dagbag.py:588} INFO - Filling up the DagBag from /opt/airflow/dags/news_pipeline_dag.py
[2026-03-24T04:05:44.670+0000] {processor.py:925} INFO - DAG(s) 'news_pipeline' retrieved from /opt/airflow/dags/news_pipeline_dag.py
[2026-03-24T04:05:44.700+0000] {logging_mixin.py:190} INFO - [2026-03-24T04:05:44.700+0000] {dag.py:3239} INFO - Sync 1 DAGs
[2026-03-24T04:05:44.728+0000] {logging_mixin.py:190} INFO - [2026-03-24T04:05:44.728+0000] {dag.py:4180} INFO - Setting next_dagrun for news_pipeline to 2026-03-24 04:00:00+00:00, run_after=2026-03-24 04:30:00+00:00
[2026-03-24T04:05:44.754+0000] {processor.py:208} INFO - Processing /opt/airflow/dags/news_pipeline_dag.py took 0.142 seconds
[2026-03-24T04:06:14.955+0000] {processor.py:186} INFO - Started process (PID=515) to work on /opt/airflow/dags/news_pipeline_dag.py
[2026-03-24T04:06:14.957+0000] {processor.py:914} INFO - Processing file /opt/airflow/dags/news_pipeline_dag.py for tasks to queue
[2026-03-24T04:06:14.959+0000] {logging_mixin.py:190} INFO - [2026-03-24T04:06:14.959+0000] {dagbag.py:588} INFO - Filling up the DagBag from /opt/airflow/dags/news_pipeline_dag.py
[2026-03-24T04:06:14.996+0000] {processor.py:925} INFO - DAG(s) 'news_pipeline' retrieved from /opt/airflow/dags/news_pipeline_dag.py
[2026-03-24T04:06:15.024+0000] {logging_mixin.py:190} INFO - [2026-03-24T04:06:15.024+0000] {dag.py:3239} INFO - Sync 1 DAGs
[2026-03-24T04:06:15.048+0000] {logging_mixin.py:190} INFO - [2026-03-24T04:06:15.048+0000] {dag.py:4180} INFO - Setting next_dagrun for news_pipeline to 2026-03-24 04:00:00+00:00, run_after=2026-03-24 04:30:00+00:00
[2026-03-24T04:06:15.071+0000] {processor.py:208} INFO - Processing /opt/airflow/dags/news_pipeline_dag.py took 0.122 seconds
[2026-03-24T04:06:45.242+0000] {processor.py:186} INFO - Started process (PID=520) to work on /opt/airflow/dags/news_pipeline_dag.py
[2026-03-24T04:06:45.243+0000] {processor.py:914} INFO - Processing file /opt/airflow/dags/news_pipeline_dag.py for tasks to queue
[2026-03-24T04:06:45.245+0000] {logging_mixin.py:190} INFO - [2026-03-24T04:06:45.245+0000] {dagbag.py:588} INFO - Filling up the DagBag from /opt/airflow/dags/news_pipeline_dag.py
[2026-03-24T04:06:45.266+0000] {processor.py:925} INFO - DAG(s) 'news_pipeline' retrieved from /opt/airflow/dags/news_pipeline_dag.py
[2026-03-24T04:06:45.295+0000] {logging_mixin.py:190} INFO - [2026-03-24T04:06:45.295+0000] {dag.py:3239} INFO - Sync 1 DAGs
[2026-03-24T04:06:45.318+0000] {logging_mixin.py:190} INFO - [2026-03-24T04:06:45.318+0000] {dag.py:4180} INFO - Setting next_dagrun for news_pipeline to 2026-03-24 04:00:00+00:00, run_after=2026-03-24 04:30:00+00:00
[2026-03-24T04:06:45.347+0000] {processor.py:208} INFO - Processing /opt/airflow/dags/news_pipeline_dag.py took 0.111 seconds
[2026-03-24T04:07:15.493+0000] {processor.py:186} INFO - Started process (PID=525) to work on /opt/airflow/dags/news_pipeline_dag.py
[2026-03-24T04:07:15.494+0000] {processor.py:914} INFO - Processing file /opt/airflow/dags/news_pipeline_dag.py for tasks to queue
[2026-03-24T04:07:15.497+0000] {logging_mixin.py:190} INFO - [2026-03-24T04:07:15.496+0000] {dagbag.py:588} INFO - Filling up the DagBag from /opt/airflow/dags/news_pipeline_dag.py
[2026-03-24T04:07:15.534+0000] {processor.py:925} INFO - DAG(s) 'news_pipeline' retrieved from /opt/airflow/dags/news_pipeline_dag.py
[2026-03-24T04:07:15.565+0000] {logging_mixin.py:190} INFO - [2026-03-24T04:07:15.565+0000] {dag.py:3239} INFO - Sync 1 DAGs
[2026-03-24T04:07:15.588+0000] {logging_mixin.py:190} INFO - [2026-03-24T04:07:15.588+0000] {dag.py:4180} INFO - Setting next_dagrun for news_pipeline to 2026-03-24 04:00:00+00:00, run_after=2026-03-24 04:30:00+00:00
[2026-03-24T04:07:15.616+0000] {processor.py:208} INFO - Processing /opt/airflow/dags/news_pipeline_dag.py took 0.130 seconds
[2026-03-24T04:07:45.776+0000] {processor.py:186} INFO - Started process (PID=530) to work on /opt/airflow/dags/news_pipeline_dag.py
[2026-03-24T04:07:45.778+0000] {processor.py:914} INFO - Processing file /opt/airflow/dags/news_pipeline_dag.py for tasks to queue
[2026-03-24T04:07:45.781+0000] {logging_mixin.py:190} INFO - [2026-03-24T04:07:45.780+0000] {dagbag.py:588} INFO - Filling up the DagBag from /opt/airflow/dags/news_pipeline_dag.py
[2026-03-24T04:07:45.812+0000] {processor.py:925} INFO - DAG(s) 'news_pipeline' retrieved from /opt/airflow/dags/news_pipeline_dag.py
[2026-03-24T04:07:45.845+0000] {logging_mixin.py:190} INFO - [2026-03-24T04:07:45.845+0000] {dag.py:3239} INFO - Sync 1 DAGs
[2026-03-24T04:07:45.870+0000] {logging_mixin.py:190} INFO - [2026-03-24T04:07:45.870+0000] {dag.py:4180} INFO - Setting next_dagrun for news_pipeline to 2026-03-24 04:00:00+00:00, run_after=2026-03-24 04:30:00+00:00
[2026-03-24T04:07:45.898+0000] {processor.py:208} INFO - Processing /opt/airflow/dags/news_pipeline_dag.py took 0.128 seconds
[2026-03-24T04:08:16.059+0000] {processor.py:186} INFO - Started process (PID=535) to work on /opt/airflow/dags/news_pipeline_dag.py
[2026-03-24T04:08:16.060+0000] {processor.py:914} INFO - Processing file /opt/airflow/dags/news_pipeline_dag.py for tasks to queue
[2026-03-24T04:08:16.063+0000] {logging_mixin.py:190} INFO - [2026-03-24T04:08:16.062+0000] {dagbag.py:588} INFO - Filling up the DagBag from /opt/airflow/dags/news_pipeline_dag.py
[2026-03-24T04:08:16.107+0000] {processor.py:925} INFO - DAG(s) 'news_pipeline' retrieved from /opt/airflow/dags/news_pipeline_dag.py
[2026-03-24T04:08:16.135+0000] {logging_mixin.py:190} INFO - [2026-03-24T04:08:16.135+0000] {dag.py:3239} INFO - Sync 1 DAGs
[2026-03-24T04:08:16.157+0000] {logging_mixin.py:190} INFO - [2026-03-24T04:08:16.157+0000] {dag.py:4180} INFO - Setting next_dagrun for news_pipeline to 2026-03-24 04:00:00+00:00, run_after=2026-03-24 04:30:00+00:00
[2026-03-24T04:08:16.187+0000] {processor.py:208} INFO - Processing /opt/airflow/dags/news_pipeline_dag.py took 0.135 seconds
[2026-03-24T04:08:46.365+0000] {processor.py:186} INFO - Started process (PID=540) to work on /opt/airflow/dags/news_pipeline_dag.py
[2026-03-24T04:08:46.366+0000] {processor.py:914} INFO - Processing file /opt/airflow/dags/news_pipeline_dag.py for tasks to queue
[2026-03-24T04:08:46.369+0000] {logging_mixin.py:190} INFO - [2026-03-24T04:08:46.369+0000] {dagbag.py:588} INFO - Filling up the DagBag from /opt/airflow/dags/news_pipeline_dag.py
[2026-03-24T04:08:46.407+0000] {processor.py:925} INFO - DAG(s) 'news_pipeline' retrieved from /opt/airflow/dags/news_pipeline_dag.py
[2026-03-24T04:08:46.437+0000] {logging_mixin.py:190} INFO - [2026-03-24T04:08:46.437+0000] {dag.py:3239} INFO - Sync 1 DAGs
[2026-03-24T04:08:46.459+0000] {logging_mixin.py:190} INFO - [2026-03-24T04:08:46.459+0000] {dag.py:4180} INFO - Setting next_dagrun for news_pipeline to 2026-03-24 04:00:00+00:00, run_after=2026-03-24 04:30:00+00:00
[2026-03-24T04:08:46.486+0000] {processor.py:208} INFO - Processing /opt/airflow/dags/news_pipeline_dag.py took 0.128 seconds
[2026-03-24T04:09:16.657+0000] {processor.py:186} INFO - Started process (PID=545) to work on /opt/airflow/dags/news_pipeline_dag.py
[2026-03-24T04:09:16.658+0000] {processor.py:914} INFO - Processing file /opt/airflow/dags/news_pipeline_dag.py for tasks to queue
[2026-03-24T04:09:16.660+0000] {logging_mixin.py:190} INFO - [2026-03-24T04:09:16.660+0000] {dagbag.py:588} INFO - Filling up the DagBag from /opt/airflow/dags/news_pipeline_dag.py
[2026-03-24T04:09:16.684+0000] {processor.py:925} INFO - DAG(s) 'news_pipeline' retrieved from /opt/airflow/dags/news_pipeline_dag.py
[2026-03-24T04:09:16.711+0000] {logging_mixin.py:190} INFO - [2026-03-24T04:09:16.711+0000] {dag.py:3239} INFO - Sync 1 DAGs
[2026-03-24T04:09:16.734+0000] {logging_mixin.py:190} INFO - [2026-03-24T04:09:16.734+0000] {dag.py:4180} INFO - Setting next_dagrun for news_pipeline to 2026-03-24 04:00:00+00:00, run_after=2026-03-24 04:30:00+00:00
[2026-03-24T04:09:16.763+0000] {processor.py:208} INFO - Processing /opt/airflow/dags/news_pipeline_dag.py took 0.111 seconds
[2026-03-24T04:09:46.873+0000] {processor.py:186} INFO - Started process (PID=550) to work on /opt/airflow/dags/news_pipeline_dag.py
[2026-03-24T04:09:46.874+0000] {processor.py:914} INFO - Processing file /opt/airflow/dags/news_pipeline_dag.py for tasks to queue
[2026-03-24T04:09:46.877+0000] {logging_mixin.py:190} INFO - [2026-03-24T04:09:46.876+0000] {dagbag.py:588} INFO - Filling up the DagBag from /opt/airflow/dags/news_pipeline_dag.py
[2026-03-24T04:09:46.903+0000] {processor.py:925} INFO - DAG(s) 'news_pipeline' retrieved from /opt/airflow/dags/news_pipeline_dag.py
[2026-03-24T04:09:46.936+0000] {logging_mixin.py:190} INFO - [2026-03-24T04:09:46.936+0000] {dag.py:3239} INFO - Sync 1 DAGs
[2026-03-24T04:09:46.959+0000] {logging_mixin.py:190} INFO - [2026-03-24T04:09:46.959+0000] {dag.py:4180} INFO - Setting next_dagrun for news_pipeline to 2026-03-24 04:00:00+00:00, run_after=2026-03-24 04:30:00+00:00
[2026-03-24T04:09:46.987+0000] {processor.py:208} INFO - Processing /opt/airflow/dags/news_pipeline_dag.py took 0.120 seconds
[2026-03-24T04:10:17.146+0000] {processor.py:186} INFO - Started process (PID=555) to work on /opt/airflow/dags/news_pipeline_dag.py
[2026-03-24T04:10:17.147+0000] {processor.py:914} INFO - Processing file /opt/airflow/dags/news_pipeline_dag.py for tasks to queue
[2026-03-24T04:10:17.149+0000] {logging_mixin.py:190} INFO - [2026-03-24T04:10:17.149+0000] {dagbag.py:588} INFO - Filling up the DagBag from /opt/airflow/dags/news_pipeline_dag.py
[2026-03-24T04:10:17.192+0000] {processor.py:925} INFO - DAG(s) 'news_pipeline' retrieved from /opt/airflow/dags/news_pipeline_dag.py
[2026-03-24T04:10:17.220+0000] {logging_mixin.py:190} INFO - [2026-03-24T04:10:17.220+0000] {dag.py:3239} INFO - Sync 1 DAGs
[2026-03-24T04:10:17.243+0000] {logging_mixin.py:190} INFO - [2026-03-24T04:10:17.243+0000] {dag.py:4180} INFO - Setting next_dagrun for news_pipeline to 2026-03-24 04:00:00+00:00, run_after=2026-03-24 04:30:00+00:00
[2026-03-24T04:10:17.272+0000] {processor.py:208} INFO - Processing /opt/airflow/dags/news_pipeline_dag.py took 0.131 seconds
[2026-03-24T04:10:47.365+0000] {processor.py:186} INFO - Started process (PID=560) to work on /opt/airflow/dags/news_pipeline_dag.py
[2026-03-24T04:10:47.367+0000] {processor.py:914} INFO - Processing file /opt/airflow/dags/news_pipeline_dag.py for tasks to queue
[2026-03-24T04:10:47.370+0000] {logging_mixin.py:190} INFO - [2026-03-24T04:10:47.369+0000] {dagbag.py:588} INFO - Filling up the DagBag from /opt/airflow/dags/news_pipeline_dag.py
[2026-03-24T04:10:47.410+0000] {processor.py:925} INFO - DAG(s) 'news_pipeline' retrieved from /opt/airflow/dags/news_pipeline_dag.py
[2026-03-24T04:10:47.449+0000] {logging_mixin.py:190} INFO - [2026-03-24T04:10:47.449+0000] {dag.py:3239} INFO - Sync 1 DAGs
[2026-03-24T04:10:47.472+0000] {logging_mixin.py:190} INFO - [2026-03-24T04:10:47.472+0000] {dag.py:4180} INFO - Setting next_dagrun for news_pipeline to 2026-03-24 04:00:00+00:00, run_after=2026-03-24 04:30:00+00:00
[2026-03-24T04:10:47.501+0000] {processor.py:208} INFO - Processing /opt/airflow/dags/news_pipeline_dag.py took 0.144 seconds
[2026-03-24T04:11:17.647+0000] {processor.py:186} INFO - Started process (PID=565) to work on /opt/airflow/dags/news_pipeline_dag.py
[2026-03-24T04:11:17.648+0000] {processor.py:914} INFO - Processing file /opt/airflow/dags/news_pipeline_dag.py for tasks to queue
[2026-03-24T04:11:17.651+0000] {logging_mixin.py:190} INFO - [2026-03-24T04:11:17.651+0000] {dagbag.py:588} INFO - Filling up the DagBag from /opt/airflow/dags/news_pipeline_dag.py
[2026-03-24T04:11:17.677+0000] {processor.py:925} INFO - DAG(s) 'news_pipeline' retrieved from /opt/airflow/dags/news_pipeline_dag.py
[2026-03-24T04:11:17.704+0000] {logging_mixin.py:190} INFO - [2026-03-24T04:11:17.704+0000] {dag.py:3239} INFO - Sync 1 DAGs
[2026-03-24T04:11:17.733+0000] {logging_mixin.py:190} INFO - [2026-03-24T04:11:17.733+0000] {dag.py:4180} INFO - Setting next_dagrun for news_pipeline to 2026-03-24 04:00:00+00:00, run_after=2026-03-24 04:30:00+00:00
[2026-03-24T04:11:17.754+0000] {processor.py:208} INFO - Processing /opt/airflow/dags/news_pipeline_dag.py took 0.113 seconds
[2026-03-24T04:11:47.882+0000] {processor.py:186} INFO - Started process (PID=570) to work on /opt/airflow/dags/news_pipeline_dag.py
[2026-03-24T04:11:47.884+0000] {processor.py:914} INFO - Processing file /opt/airflow/dags/news_pipeline_dag.py for tasks to queue
[2026-03-24T04:11:47.887+0000] {logging_mixin.py:190} INFO - [2026-03-24T04:11:47.886+0000] {dagbag.py:588} INFO - Filling up the DagBag from /opt/airflow/dags/news_pipeline_dag.py
[2026-03-24T04:11:47.920+0000] {processor.py:925} INFO - DAG(s) 'news_pipeline' retrieved from /opt/airflow/dags/news_pipeline_dag.py
[2026-03-24T04:11:47.951+0000] {logging_mixin.py:190} INFO - [2026-03-24T04:11:47.951+0000] {dag.py:3239} INFO - Sync 1 DAGs
[2026-03-24T04:11:47.975+0000] {logging_mixin.py:190} INFO - [2026-03-24T04:11:47.975+0000] {dag.py:4180} INFO - Setting next_dagrun for news_pipeline to 2026-03-24 04:00:00+00:00, run_after=2026-03-24 04:30:00+00:00
[2026-03-24T04:11:48.004+0000] {processor.py:208} INFO - Processing /opt/airflow/dags/news_pipeline_dag.py took 0.129 seconds
[2026-03-24T04:12:18.159+0000] {processor.py:186} INFO - Started process (PID=575) to work on /opt/airflow/dags/news_pipeline_dag.py
[2026-03-24T04:12:18.160+0000] {processor.py:914} INFO - Processing file /opt/airflow/dags/news_pipeline_dag.py for tasks to queue
[2026-03-24T04:12:18.164+0000] {logging_mixin.py:190} INFO - [2026-03-24T04:12:18.163+0000] {dagbag.py:588} INFO - Filling up the DagBag from /opt/airflow/dags/news_pipeline_dag.py
[2026-03-24T04:12:18.204+0000] {processor.py:925} INFO - DAG(s) 'news_pipeline' retrieved from /opt/airflow/dags/news_pipeline_dag.py
[2026-03-24T04:12:18.235+0000] {logging_mixin.py:190} INFO - [2026-03-24T04:12:18.234+0000] {dag.py:3239} INFO - Sync 1 DAGs
[2026-03-24T04:12:18.258+0000] {logging_mixin.py:190} INFO - [2026-03-24T04:12:18.258+0000] {dag.py:4180} INFO - Setting next_dagrun for news_pipeline to 2026-03-24 04:00:00+00:00, run_after=2026-03-24 04:30:00+00:00
[2026-03-24T04:12:18.290+0000] {processor.py:208} INFO - Processing /opt/airflow/dags/news_pipeline_dag.py took 0.138 seconds
[2026-03-24T04:12:48.411+0000] {processor.py:186} INFO - Started process (PID=580) to work on /opt/airflow/dags/news_pipeline_dag.py
[2026-03-24T04:12:48.413+0000] {processor.py:914} INFO - Processing file /opt/airflow/dags/news_pipeline_dag.py for tasks to queue
[2026-03-24T04:12:48.415+0000] {logging_mixin.py:190} INFO - [2026-03-24T04:12:48.415+0000] {dagbag.py:588} INFO - Filling up the DagBag from /opt/airflow/dags/news_pipeline_dag.py
[2026-03-24T04:12:48.459+0000] {processor.py:925} INFO - DAG(s) 'news_pipeline' retrieved from /opt/airflow/dags/news_pipeline_dag.py
[2026-03-24T04:12:48.487+0000] {logging_mixin.py:190} INFO - [2026-03-24T04:12:48.487+0000] {dag.py:3239} INFO - Sync 1 DAGs
[2026-03-24T04:12:48.509+0000] {logging_mixin.py:190} INFO - [2026-03-24T04:12:48.509+0000] {dag.py:4180} INFO - Setting next_dagrun for news_pipeline to 2026-03-24 04:00:00+00:00, run_after=2026-03-24 04:30:00+00:00
[2026-03-24T04:12:48.535+0000] {processor.py:208} INFO - Processing /opt/airflow/dags/news_pipeline_dag.py took 0.131 seconds
[2026-03-24T04:13:18.730+0000] {processor.py:186} INFO - Started process (PID=585) to work on /opt/airflow/dags/news_pipeline_dag.py
[2026-03-24T04:13:18.732+0000] {processor.py:914} INFO - Processing file /opt/airflow/dags/news_pipeline_dag.py for tasks to queue
[2026-03-24T04:13:18.734+0000] {logging_mixin.py:190} INFO - [2026-03-24T04:13:18.734+0000] {dagbag.py:588} INFO - Filling up the DagBag from /opt/airflow/dags/news_pipeline_dag.py
[2026-03-24T04:13:18.779+0000] {processor.py:925} INFO - DAG(s) 'news_pipeline' retrieved from /opt/airflow/dags/news_pipeline_dag.py
[2026-03-24T04:13:18.807+0000] {logging_mixin.py:190} INFO - [2026-03-24T04:13:18.807+0000] {dag.py:3239} INFO - Sync 1 DAGs
[2026-03-24T04:13:18.830+0000] {logging_mixin.py:190} INFO - [2026-03-24T04:13:18.830+0000] {dag.py:4180} INFO - Setting next_dagrun for news_pipeline to 2026-03-24 04:00:00+00:00, run_after=2026-03-24 04:30:00+00:00
[2026-03-24T04:13:18.853+0000] {processor.py:208} INFO - Processing /opt/airflow/dags/news_pipeline_dag.py took 0.129 seconds
[2026-03-24T04:13:48.966+0000] {processor.py:186} INFO - Started process (PID=590) to work on /opt/airflow/dags/news_pipeline_dag.py
[2026-03-24T04:13:48.967+0000] {processor.py:914} INFO - Processing file /opt/airflow/dags/news_pipeline_dag.py for tasks to queue
[2026-03-24T04:13:48.969+0000] {logging_mixin.py:190} INFO - [2026-03-24T04:13:48.969+0000] {dagbag.py:588} INFO - Filling up the DagBag from /opt/airflow/dags/news_pipeline_dag.py
[2026-03-24T04:13:49.007+0000] {processor.py:925} INFO - DAG(s) 'news_pipeline' retrieved from /opt/airflow/dags/news_pipeline_dag.py
[2026-03-24T04:13:49.038+0000] {logging_mixin.py:190} INFO - [2026-03-24T04:13:49.038+0000] {dag.py:3239} INFO - Sync 1 DAGs
[2026-03-24T04:13:49.061+0000] {logging_mixin.py:190} INFO - [2026-03-24T04:13:49.061+0000] {dag.py:4180} INFO - Setting next_dagrun for news_pipeline to 2026-03-24 04:00:00+00:00, run_after=2026-03-24 04:30:00+00:00
[2026-03-24T04:13:49.085+0000] {processor.py:208} INFO - Processing /opt/airflow/dags/news_pipeline_dag.py took 0.126 seconds
[2026-03-24T04:14:19.380+0000] {processor.py:186} INFO - Started process (PID=595) to work on /opt/airflow/dags/news_pipeline_dag.py
[2026-03-24T04:14:19.381+0000] {processor.py:914} INFO - Processing file /opt/airflow/dags/news_pipeline_dag.py for tasks to queue
[2026-03-24T04:14:19.385+0000] {logging_mixin.py:190} INFO - [2026-03-24T04:14:19.384+0000] {dagbag.py:588} INFO - Filling up the DagBag from /opt/airflow/dags/news_pipeline_dag.py
[2026-03-24T04:14:19.441+0000] {processor.py:925} INFO - DAG(s) 'news_pipeline' retrieved from /opt/airflow/dags/news_pipeline_dag.py
[2026-03-24T04:14:19.469+0000] {logging_mixin.py:190} INFO - [2026-03-24T04:14:19.469+0000] {dag.py:3239} INFO - Sync 1 DAGs
[2026-03-24T04:14:19.493+0000] {logging_mixin.py:190} INFO - [2026-03-24T04:14:19.493+0000] {dag.py:4180} INFO - Setting next_dagrun for news_pipeline to 2026-03-24 04:00:00+00:00, run_after=2026-03-24 04:30:00+00:00
[2026-03-24T04:14:19.515+0000] {processor.py:208} INFO - Processing /opt/airflow/dags/news_pipeline_dag.py took 0.144 seconds
[2026-03-24T04:14:49.615+0000] {processor.py:186} INFO - Started process (PID=600) to work on /opt/airflow/dags/news_pipeline_dag.py
[2026-03-24T04:14:49.616+0000] {processor.py:914} INFO - Processing file /opt/airflow/dags/news_pipeline_dag.py for tasks to queue
[2026-03-24T04:14:49.619+0000] {logging_mixin.py:190} INFO - [2026-03-24T04:14:49.619+0000] {dagbag.py:588} INFO - Filling up the DagBag from /opt/airflow/dags/news_pipeline_dag.py
[2026-03-24T04:14:49.659+0000] {processor.py:925} INFO - DAG(s) 'news_pipeline' retrieved from /opt/airflow/dags/news_pipeline_dag.py
[2026-03-24T04:14:49.689+0000] {logging_mixin.py:190} INFO - [2026-03-24T04:14:49.688+0000] {dag.py:3239} INFO - Sync 1 DAGs
[2026-03-24T04:14:49.711+0000] {logging_mixin.py:190} INFO - [2026-03-24T04:14:49.711+0000] {dag.py:4180} INFO - Setting next_dagrun for news_pipeline to 2026-03-24 04:00:00+00:00, run_after=2026-03-24 04:30:00+00:00
[2026-03-24T04:14:49.764+0000] {processor.py:208} INFO - Processing /opt/airflow/dags/news_pipeline_dag.py took 0.158 seconds
[2026-03-24T04:15:19.955+0000] {processor.py:186} INFO - Started process (PID=605) to work on /opt/airflow/dags/news_pipeline_dag.py
[2026-03-24T04:15:19.957+0000] {processor.py:914} INFO - Processing file /opt/airflow/dags/news_pipeline_dag.py for tasks to queue
[2026-03-24T04:15:19.959+0000] {logging_mixin.py:190} INFO - [2026-03-24T04:15:19.959+0000] {dagbag.py:588} INFO - Filling up the DagBag from /opt/airflow/dags/news_pipeline_dag.py
[2026-03-24T04:15:19.982+0000] {processor.py:925} INFO - DAG(s) 'news_pipeline' retrieved from /opt/airflow/dags/news_pipeline_dag.py
[2026-03-24T04:15:20.011+0000] {logging_mixin.py:190} INFO - [2026-03-24T04:15:20.011+0000] {dag.py:3239} INFO - Sync 1 DAGs
[2026-03-24T04:15:20.034+0000] {logging_mixin.py:190} INFO - [2026-03-24T04:15:20.034+0000] {dag.py:4180} INFO - Setting next_dagrun for news_pipeline to 2026-03-24 04:00:00+00:00, run_after=2026-03-24 04:30:00+00:00
[2026-03-24T04:15:20.057+0000] {processor.py:208} INFO - Processing /opt/airflow/dags/news_pipeline_dag.py took 0.108 seconds
[2026-03-24T04:15:50.892+0000] {processor.py:186} INFO - Started process (PID=610) to work on /opt/airflow/dags/news_pipeline_dag.py
[2026-03-24T04:15:50.894+0000] {processor.py:914} INFO - Processing file /opt/airflow/dags/news_pipeline_dag.py for tasks to queue
[2026-03-24T04:15:50.896+0000] {logging_mixin.py:190} INFO - [2026-03-24T04:15:50.896+0000] {dagbag.py:588} INFO - Filling up the DagBag from /opt/airflow/dags/news_pipeline_dag.py
[2026-03-24T04:15:50.935+0000] {processor.py:925} INFO - DAG(s) 'news_pipeline' retrieved from /opt/airflow/dags/news_pipeline_dag.py
[2026-03-24T04:15:50.966+0000] {logging_mixin.py:190} INFO - [2026-03-24T04:15:50.965+0000] {dag.py:3239} INFO - Sync 1 DAGs
[2026-03-24T04:15:50.988+0000] {logging_mixin.py:190} INFO - [2026-03-24T04:15:50.987+0000] {dag.py:4180} INFO - Setting next_dagrun for news_pipeline to 2026-03-24 04:00:00+00:00, run_after=2026-03-24 04:30:00+00:00
[2026-03-24T04:15:51.015+0000] {processor.py:208} INFO - Processing /opt/airflow/dags/news_pipeline_dag.py took 0.131 seconds
[2026-03-24T04:16:21.177+0000] {processor.py:186} INFO - Started process (PID=615) to work on /opt/airflow/dags/news_pipeline_dag.py
[2026-03-24T04:16:21.178+0000] {processor.py:914} INFO - Processing file /opt/airflow/dags/news_pipeline_dag.py for tasks to queue
[2026-03-24T04:16:21.180+0000] {logging_mixin.py:190} INFO - [2026-03-24T04:16:21.180+0000] {dagbag.py:588} INFO - Filling up the DagBag from /opt/airflow/dags/news_pipeline_dag.py
[2026-03-24T04:16:21.207+0000] {processor.py:925} INFO - DAG(s) 'news_pipeline' retrieved from /opt/airflow/dags/news_pipeline_dag.py
[2026-03-24T04:16:21.236+0000] {logging_mixin.py:190} INFO - [2026-03-24T04:16:21.236+0000] {dag.py:3239} INFO - Sync 1 DAGs
[2026-03-24T04:16:21.259+0000] {logging_mixin.py:190} INFO - [2026-03-24T04:16:21.259+0000] {dag.py:4180} INFO - Setting next_dagrun for news_pipeline to 2026-03-24 04:00:00+00:00, run_after=2026-03-24 04:30:00+00:00
[2026-03-24T04:16:21.288+0000] {processor.py:208} INFO - Processing /opt/airflow/dags/news_pipeline_dag.py took 0.117 seconds
